Archive member included to satisfy reference by file (symbol)

/usr/lib/gcc/arm-none-eabi/10.3.1/thumb/v6-m/nofp/libgcc.a(_dvmd_tls.o)
                              CMakeFiles/smell-sound.dir/home/ranu/gitrepo/pico-sdk/src/rp2_common/pico_divider/divider.S.obj (__aeabi_idiv0)
/usr/lib/gcc/arm-none-eabi/10.3.1/../../../arm-none-eabi/lib/thumb/v6-m/nofp/libc.a(lib_a-atexit.o)
                              /usr/lib/gcc/arm-none-eabi/10.3.1/../../../arm-none-eabi/lib/thumb/v6-m/nofp/crt0.o (atexit)
/usr/lib/gcc/arm-none-eabi/10.3.1/../../../arm-none-eabi/lib/thumb/v6-m/nofp/libc.a(lib_a-calloc.o)
                              CMakeFiles/smell-sound.dir/home/ranu/gitrepo/pico-sdk/src/rp2_common/pico_malloc/pico_malloc.c.obj (calloc)
/usr/lib/gcc/arm-none-eabi/10.3.1/../../../arm-none-eabi/lib/thumb/v6-m/nofp/libc.a(lib_a-callocr.o)
                              /usr/lib/gcc/arm-none-eabi/10.3.1/../../../arm-none-eabi/lib/thumb/v6-m/nofp/libc.a(lib_a-calloc.o) (_calloc_r)
/usr/lib/gcc/arm-none-eabi/10.3.1/../../../arm-none-eabi/lib/thumb/v6-m/nofp/libc.a(lib_a-fini.o)
                              /usr/lib/gcc/arm-none-eabi/10.3.1/../../../arm-none-eabi/lib/thumb/v6-m/nofp/crt0.o (__libc_fini_array)
/usr/lib/gcc/arm-none-eabi/10.3.1/../../../arm-none-eabi/lib/thumb/v6-m/nofp/libc.a(lib_a-impure.o)
                              /usr/lib/gcc/arm-none-eabi/10.3.1/../../../arm-none-eabi/lib/thumb/v6-m/nofp/libc.a(lib_a-calloc.o) (_impure_ptr)
/usr/lib/gcc/arm-none-eabi/10.3.1/../../../arm-none-eabi/lib/thumb/v6-m/nofp/libc.a(lib_a-init.o)
                              /usr/lib/gcc/arm-none-eabi/10.3.1/../../../arm-none-eabi/lib/thumb/v6-m/nofp/crt0.o (__libc_init_array)
/usr/lib/gcc/arm-none-eabi/10.3.1/../../../arm-none-eabi/lib/thumb/v6-m/nofp/libc.a(lib_a-malloc.o)
                              CMakeFiles/smell-sound.dir/home/ranu/gitrepo/pico-sdk/src/rp2_common/pico_malloc/pico_malloc.c.obj (malloc)
/usr/lib/gcc/arm-none-eabi/10.3.1/../../../arm-none-eabi/lib/thumb/v6-m/nofp/libc.a(lib_a-mallocr.o)
                              /usr/lib/gcc/arm-none-eabi/10.3.1/../../../arm-none-eabi/lib/thumb/v6-m/nofp/libc.a(lib_a-callocr.o) (_malloc_r)
/usr/lib/gcc/arm-none-eabi/10.3.1/../../../arm-none-eabi/lib/thumb/v6-m/nofp/libc.a(lib_a-mlock.o)
                              /usr/lib/gcc/arm-none-eabi/10.3.1/../../../arm-none-eabi/lib/thumb/v6-m/nofp/libc.a(lib_a-mallocr.o) (__malloc_lock)
/usr/lib/gcc/arm-none-eabi/10.3.1/../../../arm-none-eabi/lib/thumb/v6-m/nofp/libc.a(lib_a-realloc.o)
                              CMakeFiles/smell-sound.dir/home/ranu/gitrepo/pico-sdk/src/rp2_common/pico_malloc/pico_malloc.c.obj (realloc)
/usr/lib/gcc/arm-none-eabi/10.3.1/../../../arm-none-eabi/lib/thumb/v6-m/nofp/libc.a(lib_a-reallocr.o)
                              /usr/lib/gcc/arm-none-eabi/10.3.1/../../../arm-none-eabi/lib/thumb/v6-m/nofp/libc.a(lib_a-realloc.o) (_realloc_r)
/usr/lib/gcc/arm-none-eabi/10.3.1/../../../arm-none-eabi/lib/thumb/v6-m/nofp/libc.a(lib_a-sbrkr.o)
                              /usr/lib/gcc/arm-none-eabi/10.3.1/../../../arm-none-eabi/lib/thumb/v6-m/nofp/libc.a(lib_a-mallocr.o) (_sbrk_r)
/usr/lib/gcc/arm-none-eabi/10.3.1/../../../arm-none-eabi/lib/thumb/v6-m/nofp/libc.a(lib_a-strlen-stub.o)
                              CMakeFiles/smell-sound.dir/home/ranu/gitrepo/pico-sdk/src/rp2_common/pico_stdio/stdio.c.obj (strlen)
/usr/lib/gcc/arm-none-eabi/10.3.1/../../../arm-none-eabi/lib/thumb/v6-m/nofp/libc.a(lib_a-__atexit.o)
                              /usr/lib/gcc/arm-none-eabi/10.3.1/../../../arm-none-eabi/lib/thumb/v6-m/nofp/libc.a(lib_a-atexit.o) (__register_exitproc)
/usr/lib/gcc/arm-none-eabi/10.3.1/../../../arm-none-eabi/lib/thumb/v6-m/nofp/libc.a(lib_a-freer.o)
                              /usr/lib/gcc/arm-none-eabi/10.3.1/../../../arm-none-eabi/lib/thumb/v6-m/nofp/libc.a(lib_a-malloc.o) (_free_r)
/usr/lib/gcc/arm-none-eabi/10.3.1/../../../arm-none-eabi/lib/thumb/v6-m/nofp/libc.a(lib_a-memmove.o)
                              /usr/lib/gcc/arm-none-eabi/10.3.1/../../../arm-none-eabi/lib/thumb/v6-m/nofp/libc.a(lib_a-reallocr.o) (memmove)
/usr/lib/gcc/arm-none-eabi/10.3.1/../../../arm-none-eabi/lib/thumb/v6-m/nofp/libc.a(lib_a-reent.o)
                              /usr/lib/gcc/arm-none-eabi/10.3.1/../../../arm-none-eabi/lib/thumb/v6-m/nofp/libc.a(lib_a-sbrkr.o) (errno)

Discarded input sections

 .text          0x0000000000000000        0x0 /usr/lib/gcc/arm-none-eabi/10.3.1/thumb/v6-m/nofp/crti.o
 .data          0x0000000000000000        0x0 /usr/lib/gcc/arm-none-eabi/10.3.1/thumb/v6-m/nofp/crti.o
 .bss           0x0000000000000000        0x0 /usr/lib/gcc/arm-none-eabi/10.3.1/thumb/v6-m/nofp/crti.o
 .data          0x0000000000000000        0x4 /usr/lib/gcc/arm-none-eabi/10.3.1/thumb/v6-m/nofp/crtbegin.o
 .rodata        0x0000000000000000       0x24 /usr/lib/gcc/arm-none-eabi/10.3.1/thumb/v6-m/nofp/crtbegin.o
[...]
Memory Configuration

Name             Origin             Length             Attributes
FLASH            0x0000000010000000 0x0000000000200000 xr
RAM              0x0000000020000000 0x0000000000040000 xrw
SCRATCH_X        0x0000000020040000 0x0000000000001000 xrw
SCRATCH_Y        0x0000000020041000 0x0000000000001000 xrw
*default*        0x0000000000000000 0xffffffffffffffff

Linker script and memory map

LOAD /usr/lib/gcc/arm-none-eabi/10.3.1/thumb/v6-m/nofp/crti.o
LOAD /usr/lib/gcc/arm-none-eabi/10.3.1/thumb/v6-m/nofp/crtbegin.o
LOAD /usr/lib/gcc/arm-none-eabi/10.3.1/../../../arm-none-eabi/lib/thumb/v6-m/nofp/crt0.o

.flash_begin    0x0000000010000000        0x0
                0x0000000010000000                __flash_binary_start = .

.boot2          0x0000000010000000      0x100
                0x0000000010000000                __boot2_start__ = .
 *(.boot2)
 .boot2         0x0000000010000000      0x100 /tmp/cctIAdvk.o
                0x0000000010000100                __boot2_end__ = .
                0x0000000000000001                ASSERT (((__boot2_end__ - __boot2_start__) == 0x100), ERROR: Pico second stage bootloader must be 256 bytes in size)

.text           0x0000000010000100     0x5518
                0x0000000010000100                __logical_binary_start = .
 *(.vectors)
 .vectors       0x0000000010000100       0xd4 CMakeFiles/smell-sound.dir/home/ranu/gitrepo/pico-sdk/src/rp2_common/pico_standard_link/crt0.S.obj
                0x0000000010000100                __vectors
                0x0000000010000100                __VECTOR_TABLE
                0x00000000100001c0                isr_invalid
                0x00000000100001c0                __default_isrs_start
                0x00000000100001c2                isr_nmi
                0x00000000100001c4                isr_hardfault
                0x00000000100001c6                isr_svcall
                0x00000000100001c8                isr_pendsv
                0x00000000100001ca                isr_systick
                0x00000000100001cc                isr_irq30
                0x00000000100001cc                __unhandled_user_irq
                0x00000000100001cc                isr_irq13
                0x00000000100001cc                isr_irq27
                0x00000000100001cc                isr_irq31
                0x00000000100001cc                isr_irq5
                0x00000000100001cc                isr_irq11
                0x00000000100001cc                isr_irq23
                0x00000000100001cc                isr_irq18
                0x00000000100001cc                isr_irq28
                0x00000000100001cc                isr_irq19
                0x00000000100001cc                isr_irq0
                0x00000000100001cc                isr_irq6
                0x00000000100001cc                isr_irq22
                0x00000000100001cc                isr_irq17
                0x00000000100001cc                isr_irq14
                0x00000000100001cc                isr_irq2
                0x00000000100001cc                isr_irq10
                0x00000000100001cc                isr_irq8
                0x00000000100001cc                isr_irq24
                0x00000000100001cc                isr_irq1
                0x00000000100001cc                isr_irq7
                0x00000000100001cc                isr_irq21
                0x00000000100001cc                isr_irq20
                0x00000000100001cc                isr_irq15
                0x00000000100001cc                isr_irq25
                0x00000000100001cc                isr_irq4
                0x00000000100001cc                isr_irq16
                0x00000000100001cc                isr_irq29
                0x00000000100001cc                isr_irq26
                0x00000000100001cc                __default_isrs_end
                0x00000000100001cc                isr_irq3
                0x00000000100001cc                isr_irq12
                0x00000000100001cc                isr_irq9
                0x00000000100001d2                unhandled_user_irq_num_in_r0
 *(.binary_info_header)
 .binary_info_header
                0x00000000100001d4       0x14 CMakeFiles/smell-sound.dir/home/ranu/gitrepo/pico-sdk/src/rp2_common/pico_standard_link/crt0.S.obj
                0x00000000100001e8                __binary_info_header_end = .
 *(.reset)
 .reset         0x00000000100001e8       0xa0 CMakeFiles/smell-sound.dir/home/ranu/gitrepo/pico-sdk/src/rp2_common/pico_standard_link/crt0.S.obj
                0x00000000100001e8                _entry_point
 .reset         0x0000000010000288       0x30 CMakeFiles/smell-sound.dir/home/ranu/gitrepo/pico-sdk/src/rp2_common/pico_standard_link/binary_info.c.obj
 *(.init)
 .init          0x00000000100002b8        0x4 /usr/lib/gcc/arm-none-eabi/10.3.1/thumb/v6-m/nofp/crti.o
                0x00000000100002b8                _init
 *(EXCLUDE_FILE(*libm.a: *libc.a:*lib_a-mem*.o *libgcc.a:) .text*)
 .text          0x00000000100002bc       0x98 /usr/lib/gcc/arm-none-eabi/10.3.1/thumb/v6-m/nofp/crtbegin.o
 .text.animation
                0x0000000010000354      0x260 CMakeFiles/smell-sound.dir/smell-sound.c.obj
                0x0000000010000354                animation
 .text.startup.main
                0x00000000100005b4       0xc4 CMakeFiles/smell-sound.dir/smell-sound.c.obj
                0x00000000100005b4                main
 .text.gpio_set_function
                0x0000000010000678       0x30 CMakeFiles/smell-sound.dir/home/ranu/gitrepo/pico-sdk/src/rp2_common/hardware_gpio/gpio.c.obj
                0x0000000010000678                gpio_set_function
 .text.running_on_fpga
                0x00000000100006a8       0x10 CMakeFiles/smell-sound.dir/home/ranu/gitrepo/pico-sdk/src/rp2_common/pico_platform/platform.c.obj
                0x00000000100006a8                running_on_fpga
 .text.hw_claim_or_assert
                0x00000000100006b8       0x44 CMakeFiles/smell-sound.dir/home/ranu/gitrepo/pico-sdk/src/rp2_common/hardware_claim/claim.c.obj
                0x00000000100006b8                hw_claim_or_assert
 .text.spin_locks_reset
                0x00000000100006fc       0x1c CMakeFiles/smell-sound.dir/home/ranu/gitrepo/pico-sdk/src/rp2_common/hardware_sync/sync.c.obj
                0x00000000100006fc                spin_locks_reset
 .text.next_striped_spin_lock_num
                0x0000000010000718       0x18 CMakeFiles/smell-sound.dir/home/ranu/gitrepo/pico-sdk/src/rp2_common/hardware_sync/sync.c.obj
                0x0000000010000718                next_striped_spin_lock_num
 .text.irq_set_enabled
                0x0000000010000730       0x24 CMakeFiles/smell-sound.dir/home/ranu/gitrepo/pico-sdk/src/rp2_common/hardware_irq/irq.c.obj
                0x0000000010000730                irq_set_enabled
 .text.irq_get_vtable_handler
                0x0000000010000754       0x10 CMakeFiles/smell-sound.dir/home/ranu/gitrepo/pico-sdk/src/rp2_common/hardware_irq/irq.c.obj
                0x0000000010000754                irq_get_vtable_handler
 .text.irq_set_exclusive_handler
                0x0000000010000764       0x54 CMakeFiles/smell-sound.dir/home/ranu/gitrepo/pico-sdk/src/rp2_common/hardware_irq/irq.c.obj
                0x0000000010000764                irq_set_exclusive_handler
 .text.irq_remove_handler
                0x00000000100007b8      0x1b0 CMakeFiles/smell-sound.dir/home/ranu/gitrepo/pico-sdk/src/rp2_common/hardware_irq/irq.c.obj
                0x00000000100007b8                irq_remove_handler
 .text.irq_add_tail_to_free_list
                0x0000000010000968       0xb4 CMakeFiles/smell-sound.dir/home/ranu/gitrepo/pico-sdk/src/rp2_common/hardware_irq/irq.c.obj
                0x0000000010000968                irq_add_tail_to_free_list
 .text.irq_init_priorities
                0x0000000010000a1c       0x24 CMakeFiles/smell-sound.dir/home/ranu/gitrepo/pico-sdk/src/rp2_common/hardware_irq/irq.c.obj
                0x0000000010000a1c                irq_init_priorities
 .text.lock_init
                0x0000000010000a40       0x10 CMakeFiles/smell-sound.dir/home/ranu/gitrepo/pico-sdk/src/common/pico_sync/lock_core.c.obj
                0x0000000010000a40                lock_init
 .text.mutex_init
                0x0000000010000a50       0x1c CMakeFiles/smell-sound.dir/home/ranu/gitrepo/pico-sdk/src/common/pico_sync/mutex.c.obj
                0x0000000010000a50                mutex_init
 .text.recursive_mutex_init
                0x0000000010000a6c       0x1c CMakeFiles/smell-sound.dir/home/ranu/gitrepo/pico-sdk/src/common/pico_sync/mutex.c.obj
                0x0000000010000a6c                recursive_mutex_init
 .text.timer_pool_entry_comparator
                0x0000000010000a88       0x34 CMakeFiles/smell-sound.dir/home/ranu/gitrepo/pico-sdk/src/common/pico_time/time.c.obj
                0x0000000010000a88                timer_pool_entry_comparator
 .text.sleep_until_callback
                0x0000000010000abc       0x30 CMakeFiles/smell-sound.dir/home/ranu/gitrepo/pico-sdk/src/common/pico_time/time.c.obj
 .text.add_alarm_under_lock.isra.0
                0x0000000010000aec      0x100 CMakeFiles/smell-sound.dir/home/ranu/gitrepo/pico-sdk/src/common/pico_time/time.c.obj
 .text.alarm_pool_alarm_callback
                0x0000000010000bec      0x1bc CMakeFiles/smell-sound.dir/home/ranu/gitrepo/pico-sdk/src/common/pico_time/time.c.obj
 .text.alarm_pool_init_default
                0x0000000010000da8       0x6c CMakeFiles/smell-sound.dir/home/ranu/gitrepo/pico-sdk/src/common/pico_time/time.c.obj
                0x0000000010000da8                alarm_pool_init_default
 .text.alarm_pool_add_alarm_at
                0x0000000010000e14      0x178 CMakeFiles/smell-sound.dir/home/ranu/gitrepo/pico-sdk/src/common/pico_time/time.c.obj
                0x0000000010000e14                alarm_pool_add_alarm_at
 .text.sleep_until
                0x0000000010000f8c       0xc4 CMakeFiles/smell-sound.dir/home/ranu/gitrepo/pico-sdk/src/common/pico_time/time.c.obj
                0x0000000010000f8c                sleep_until
 .text.sleep_ms
                0x0000000010001050       0x34 CMakeFiles/smell-sound.dir/home/ranu/gitrepo/pico-sdk/src/common/pico_time/time.c.obj
                0x0000000010001050                sleep_ms
 .text.best_effort_wfe_or_timeout
                0x0000000010001084       0xd4 CMakeFiles/smell-sound.dir/home/ranu/gitrepo/pico-sdk/src/common/pico_time/time.c.obj
                0x0000000010001084                best_effort_wfe_or_timeout
 .text.hardware_alarm_irq_handler
                0x0000000010001158       0xbc CMakeFiles/smell-sound.dir/home/ranu/gitrepo/pico-sdk/src/rp2_common/hardware_timer/timer.c.obj
 .text.hardware_alarm_claim
                0x0000000010001214       0x18 CMakeFiles/smell-sound.dir/home/ranu/gitrepo/pico-sdk/src/rp2_common/hardware_timer/timer.c.obj
                0x0000000010001214                hardware_alarm_claim
 .text.time_us_64
                0x000000001000122c       0x14 CMakeFiles/smell-sound.dir/home/ranu/gitrepo/pico-sdk/src/rp2_common/hardware_timer/timer.c.obj
                0x000000001000122c                time_us_64
 .text.busy_wait_us
                0x0000000010001240       0x54 CMakeFiles/smell-sound.dir/home/ranu/gitrepo/pico-sdk/src/rp2_common/hardware_timer/timer.c.obj
                0x0000000010001240                busy_wait_us
 .text.busy_wait_until
                0x0000000010001294       0x20 CMakeFiles/smell-sound.dir/home/ranu/gitrepo/pico-sdk/src/rp2_common/hardware_timer/timer.c.obj
                0x0000000010001294                busy_wait_until
 .text.hardware_alarm_set_callback
                0x00000000100012b4       0x8c CMakeFiles/smell-sound.dir/home/ranu/gitrepo/pico-sdk/src/rp2_common/hardware_timer/timer.c.obj
                0x00000000100012b4                hardware_alarm_set_callback
 .text.hardware_alarm_set_target
                0x0000000010001340       0xd4 CMakeFiles/smell-sound.dir/home/ranu/gitrepo/pico-sdk/src/rp2_common/hardware_timer/timer.c.obj
                0x0000000010001340                hardware_alarm_set_target
 .text.hardware_alarm_cancel
                0x0000000010001414       0x3c CMakeFiles/smell-sound.dir/home/ranu/gitrepo/pico-sdk/src/rp2_common/hardware_timer/timer.c.obj
                0x0000000010001414                hardware_alarm_cancel
 .text.ph_merge_nodes
                0x0000000010001450       0x68 CMakeFiles/smell-sound.dir/home/ranu/gitrepo/pico-sdk/src/common/pico_util/pheap.c.obj
 .text.ph_post_alloc_init
                0x00000000100014b8       0x3c CMakeFiles/smell-sound.dir/home/ranu/gitrepo/pico-sdk/src/common/pico_util/pheap.c.obj
                0x00000000100014b8                ph_post_alloc_init
 .text.ph_merge_two_pass
                0x00000000100014f4       0x90 CMakeFiles/smell-sound.dir/home/ranu/gitrepo/pico-sdk/src/common/pico_util/pheap.c.obj
                0x00000000100014f4                ph_merge_two_pass
 .text.ph_remove_any_head
                0x0000000010001584      0x100 CMakeFiles/smell-sound.dir/home/ranu/gitrepo/pico-sdk/src/common/pico_util/pheap.c.obj
 .text.ph_remove_head
                0x0000000010001684      0x104 CMakeFiles/smell-sound.dir/home/ranu/gitrepo/pico-sdk/src/common/pico_util/pheap.c.obj
                0x0000000010001684                ph_remove_head
 .text.ph_remove_and_free_node
                0x0000000010001788       0x7c CMakeFiles/smell-sound.dir/home/ranu/gitrepo/pico-sdk/src/common/pico_util/pheap.c.obj
                0x0000000010001788                ph_remove_and_free_node
 .text.uart_init
                0x0000000010001804      0x188 CMakeFiles/smell-sound.dir/home/ranu/gitrepo/pico-sdk/src/rp2_common/hardware_uart/uart.c.obj
                0x0000000010001804                uart_init
 .text.clocks_init
                0x000000001000198c      0x2d0 CMakeFiles/smell-sound.dir/home/ranu/gitrepo/pico-sdk/src/rp2_common/hardware_clocks/clocks.c.obj
                0x000000001000198c                clocks_init
 .text.clock_get_hz
                0x0000000010001c5c        0xc CMakeFiles/smell-sound.dir/home/ranu/gitrepo/pico-sdk/src/rp2_common/hardware_clocks/clocks.c.obj
                0x0000000010001c5c                clock_get_hz
 .text.pll_init
                0x0000000010001c68       0xa0 CMakeFiles/smell-sound.dir/home/ranu/gitrepo/pico-sdk/src/rp2_common/hardware_pll/pll.c.obj
                0x0000000010001c68                pll_init
 .text.watchdog_start_tick
                0x0000000010001d08       0x10 CMakeFiles/smell-sound.dir/home/ranu/gitrepo/pico-sdk/src/rp2_common/hardware_watchdog/watchdog.c.obj
                0x0000000010001d08                watchdog_start_tick
 .text.xosc_init
                0x0000000010001d18       0x28 CMakeFiles/smell-sound.dir/home/ranu/gitrepo/pico-sdk/src/rp2_common/hardware_xosc/xosc.c.obj
                0x0000000010001d18                xosc_init
 .text.runtime_init
                0x0000000010001d40       0xf0 CMakeFiles/smell-sound.dir/home/ranu/gitrepo/pico-sdk/src/rp2_common/pico_runtime/runtime.c.obj
                0x0000000010001d40                runtime_init
 .text._exit    0x0000000010001e30        0x4 CMakeFiles/smell-sound.dir/home/ranu/gitrepo/pico-sdk/src/rp2_common/pico_runtime/runtime.c.obj
                0x0000000010001e30                _exit
 .text._sbrk    0x0000000010001e34       0x34 CMakeFiles/smell-sound.dir/home/ranu/gitrepo/pico-sdk/src/rp2_common/pico_runtime/runtime.c.obj
                0x0000000010001e34                _sbrk
 .text.exit     0x0000000010001e68        0x8 CMakeFiles/smell-sound.dir/home/ranu/gitrepo/pico-sdk/src/rp2_common/pico_runtime/runtime.c.obj
                0x0000000010001e68                exit
 .text.panic    0x0000000010001e70       0x30 CMakeFiles/smell-sound.dir/home/ranu/gitrepo/pico-sdk/src/rp2_common/pico_runtime/runtime.c.obj
                0x0000000010001e70                panic
 .text.hard_assertion_failure
                0x0000000010001ea0        0xc CMakeFiles/smell-sound.dir/home/ranu/gitrepo/pico-sdk/src/rp2_common/pico_runtime/runtime.c.obj
                0x0000000010001ea0                hard_assertion_failure
 .text._out_null
                0x0000000010001eac        0x4 CMakeFiles/smell-sound.dir/home/ranu/gitrepo/pico-sdk/src/rp2_common/pico_printf/printf.c.obj
 .text._out_rev
                0x0000000010001eb0       0x9c CMakeFiles/smell-sound.dir/home/ranu/gitrepo/pico-sdk/src/rp2_common/pico_printf/printf.c.obj
 .text._ntoa_format
                0x0000000010001f4c      0x1cc CMakeFiles/smell-sound.dir/home/ranu/gitrepo/pico-sdk/src/rp2_common/pico_printf/printf.c.obj
 .text._out_char
                0x0000000010002118       0x10 CMakeFiles/smell-sound.dir/home/ranu/gitrepo/pico-sdk/src/rp2_common/pico_printf/printf.c.obj
 .text._out_fct
                0x0000000010002128       0x10 CMakeFiles/smell-sound.dir/home/ranu/gitrepo/pico-sdk/src/rp2_common/pico_printf/printf.c.obj
 .text._etoa    0x0000000010002138      0x44c CMakeFiles/smell-sound.dir/home/ranu/gitrepo/pico-sdk/src/rp2_common/pico_printf/printf.c.obj
 .text._ftoa    0x0000000010002584      0x398 CMakeFiles/smell-sound.dir/home/ranu/gitrepo/pico-sdk/src/rp2_common/pico_printf/printf.c.obj
 .text._vsnprintf
                0x000000001000291c      0xb04 CMakeFiles/smell-sound.dir/home/ranu/gitrepo/pico-sdk/src/rp2_common/pico_printf/printf.c.obj
 .text.vfctprintf
                0x0000000010003420       0x20 CMakeFiles/smell-sound.dir/home/ranu/gitrepo/pico-sdk/src/rp2_common/pico_printf/printf.c.obj
                0x0000000010003420                vfctprintf
 .text.weak_raw_vprintf
                0x0000000010003440       0x30 CMakeFiles/smell-sound.dir/home/ranu/gitrepo/pico-sdk/src/rp2_common/pico_printf/printf.c.obj
                0x0000000010003440                weak_raw_vprintf
 .text          0x0000000010003470       0x10 CMakeFiles/smell-sound.dir/home/ranu/gitrepo/pico-sdk/src/rp2_common/pico_bit_ops/bit_ops_aeabi.S.obj
 .text.rom_func_lookup
                0x0000000010003480       0x10 CMakeFiles/smell-sound.dir/home/ranu/gitrepo/pico-sdk/src/rp2_common/pico_bootrom/bootrom.c.obj
                0x0000000010003480                rom_func_lookup
 .text.rom_data_lookup
                0x0000000010003490       0x10 CMakeFiles/smell-sound.dir/home/ranu/gitrepo/pico-sdk/src/rp2_common/pico_bootrom/bootrom.c.obj
                0x0000000010003490                rom_data_lookup
 .text.rom_funcs_lookup
                0x00000000100034a0       0x44 CMakeFiles/smell-sound.dir/home/ranu/gitrepo/pico-sdk/src/rp2_common/pico_bootrom/bootrom.c.obj
                0x00000000100034a0                rom_funcs_lookup
 .text.__wrap___aeabi_idiv
                0x00000000100034e4       0x50 CMakeFiles/smell-sound.dir/home/ranu/gitrepo/pico-sdk/src/rp2_common/pico_divider/divider.S.obj
                0x00000000100034e4                __wrap___aeabi_idivmod
                0x00000000100034e4                divmod_s32s32
                0x00000000100034e4                div_s32s32
                0x00000000100034e4                __wrap___aeabi_idiv
                0x00000000100034ec                divmod_s32s32_unsafe
                0x0000000010003518                divmod_s32s32_savestate
 .text.__wrap___aeabi_uidiv
                0x0000000010003534       0x4c CMakeFiles/smell-sound.dir/home/ranu/gitrepo/pico-sdk/src/rp2_common/pico_divider/divider.S.obj
                0x0000000010003534                __wrap___aeabi_uidiv
                0x0000000010003534                __wrap___aeabi_uidivmod
                0x0000000010003534                div_u32u32
                0x0000000010003534                divmod_u32u32
                0x000000001000353c                divmod_u32u32_unsafe
                0x0000000010003564                divmod_u32u32_savestate
 .text.__wrap___aeabi_ldiv
                0x0000000010003580      0x424 CMakeFiles/smell-sound.dir/home/ranu/gitrepo/pico-sdk/src/rp2_common/pico_divider/divider.S.obj
                0x0000000010003580                div_s64s64
                0x0000000010003580                divmod_s64s64
                0x0000000010003580                __wrap___aeabi_ldivmod
                0x00000000100035b0                div_u64u64
                0x00000000100035b0                divmod_u64u64
                0x00000000100035b0                __wrap___aeabi_uldivmod
                0x00000000100035c0                divmod_u64u64_savestate
                0x00000000100035e0                divmod_s64s64_unsafe
                0x0000000010003668                divmod_u64u64_unsafe
 .text.__wrap___aeabi_darithmetic
                0x00000000100039a4       0x60 CMakeFiles/smell-sound.dir/home/ranu/gitrepo/pico-sdk/src/rp2_common/pico_double/double_aeabi.S.obj
                0x00000000100039a4                __wrap___aeabi_drsub
                0x00000000100039aa                __wrap___aeabi_dsub
                0x00000000100039b4                __wrap___aeabi_dadd
                0x00000000100039be                __wrap___aeabi_ddiv
                0x00000000100039f2                __wrap___aeabi_dmul
 .text.__wrap___aeabi_cdcmple
                0x0000000010003a04       0x6c CMakeFiles/smell-sound.dir/home/ranu/gitrepo/pico-sdk/src/rp2_common/pico_double/double_aeabi.S.obj
                0x0000000010003a04                __wrap___aeabi_cdrcmple
                0x0000000010003a14                __wrap___aeabi_cdcmple
                0x0000000010003a14                __wrap___aeabi_cdcmpeq
 .text.__wrap___aeabi_dcmplt
                0x0000000010003a70        0xc CMakeFiles/smell-sound.dir/home/ranu/gitrepo/pico-sdk/src/rp2_common/pico_double/double_aeabi.S.obj
                0x0000000010003a70                __wrap___aeabi_dcmplt
 .text.__wrap___aeabi_dcmple
                0x0000000010003a7c       0x10 CMakeFiles/smell-sound.dir/home/ranu/gitrepo/pico-sdk/src/rp2_common/pico_double/double_aeabi.S.obj
                0x0000000010003a7c                __wrap___aeabi_dcmple
 .text.__wrap___aeabi_dcmpge
                0x0000000010003a8c       0x10 CMakeFiles/smell-sound.dir/home/ranu/gitrepo/pico-sdk/src/rp2_common/pico_double/double_aeabi.S.obj
                0x0000000010003a8c                __wrap___aeabi_dcmpge
 .text.__wrap___aeabi_dcmpgt
                0x0000000010003a9c        0xa CMakeFiles/smell-sound.dir/home/ranu/gitrepo/pico-sdk/src/rp2_common/pico_double/double_aeabi.S.obj
                0x0000000010003a9c                __wrap___aeabi_dcmpgt
 .text.__wrap___aeabi_dcmpun
                0x0000000010003aa6       0x1c CMakeFiles/smell-sound.dir/home/ranu/gitrepo/pico-sdk/src/rp2_common/pico_double/double_aeabi.S.obj
                0x0000000010003aa6                __wrap___aeabi_dcmpun
 *fill*         0x0000000010003ac2        0x2 
 .text.__wrap___aeabi_i2d
                0x0000000010003ac4       0x38 CMakeFiles/smell-sound.dir/home/ranu/gitrepo/pico-sdk/src/rp2_common/pico_double/double_aeabi.S.obj
                0x0000000010003ac4                __wrap___aeabi_ui2d
                0x0000000010003acc                __wrap___aeabi_i2d
 .text.__wrap___aeabi_d2iz
                0x0000000010003afc       0x48 CMakeFiles/smell-sound.dir/home/ranu/gitrepo/pico-sdk/src/rp2_common/pico_double/double_aeabi.S.obj
                0x0000000010003afc                __wrap___aeabi_d2iz
                0x0000000010003afc                double2int_z
 .text.__wrap___aeabi_d2uiz
                0x0000000010003b44       0x10 CMakeFiles/smell-sound.dir/home/ranu/gitrepo/pico-sdk/src/rp2_common/pico_double/double_aeabi.S.obj
                0x0000000010003b44                double2uint
                0x0000000010003b44                __wrap___aeabi_d2uiz
 .text.missing_double_func_shim
                0x0000000010003b54        0xc CMakeFiles/smell-sound.dir/home/ranu/gitrepo/pico-sdk/src/rp2_common/pico_double/double_init_rom.c.obj
 .text.__aeabi_double_init
                0x0000000010003b60       0x98 CMakeFiles/smell-sound.dir/home/ranu/gitrepo/pico-sdk/src/rp2_common/pico_double/double_init_rom.c.obj
                0x0000000010003b60                __aeabi_double_init
 .text.double_table_shim_on_use_helper
                0x0000000010003bf8       0x2c CMakeFiles/smell-sound.dir/home/ranu/gitrepo/pico-sdk/src/rp2_common/pico_double/double_v1_rom_shim.S.obj
                0x0000000010003bf8                double_table_shim_on_use_helper
 .text.__aeabi_lmul
                0x0000000010003c24       0x32 CMakeFiles/smell-sound.dir/home/ranu/gitrepo/pico-sdk/src/rp2_common/pico_int64_ops/pico_int64_ops_aeabi.S.obj
                0x0000000010003c24                __wrap___aeabi_lmul
 *fill*         0x0000000010003c56        0x2 
 .text.__wrap___aeabi_farithmetic
                0x0000000010003c58       0x48 CMakeFiles/smell-sound.dir/home/ranu/gitrepo/pico-sdk/src/rp2_common/pico_float/float_aeabi.S.obj
                0x0000000010003c58                __wrap___aeabi_frsub
                0x0000000010003c5e                __wrap___aeabi_fsub
                0x0000000010003c64                __wrap___aeabi_fadd
                0x0000000010003c6a                __wrap___aeabi_fdiv
                0x0000000010003c92                __wrap___aeabi_fmul
 .text.__wrap___aeabi_i2f
                0x0000000010003ca0       0x44 CMakeFiles/smell-sound.dir/home/ranu/gitrepo/pico-sdk/src/rp2_common/pico_float/float_aeabi.S.obj
                0x0000000010003ca0                __wrap___aeabi_i2f
 .text.__wrap___aeabi_f2uiz
                0x0000000010003ce4        0xc CMakeFiles/smell-sound.dir/home/ranu/gitrepo/pico-sdk/src/rp2_common/pico_float/float_aeabi.S.obj
                0x0000000010003ce4                __wrap___aeabi_f2uiz
 .text.missing_float_func_shim
                0x0000000010003cf0        0xc CMakeFiles/smell-sound.dir/home/ranu/gitrepo/pico-sdk/src/rp2_common/pico_float/float_init_rom.c.obj
 .text.__aeabi_float_init
                0x0000000010003cfc       0x5c CMakeFiles/smell-sound.dir/home/ranu/gitrepo/pico-sdk/src/rp2_common/pico_float/float_init_rom.c.obj
                0x0000000010003cfc                __aeabi_float_init
 .text.__wrap_malloc
                0x0000000010003d58       0x24 CMakeFiles/smell-sound.dir/home/ranu/gitrepo/pico-sdk/src/rp2_common/pico_malloc/pico_malloc.c.obj
                0x0000000010003d58                __wrap_malloc
 .text          0x0000000010003d7c       0x10 CMakeFiles/smell-sound.dir/home/ranu/gitrepo/pico-sdk/src/rp2_common/pico_mem_ops/mem_ops_aeabi.S.obj
                0x0000000010003d7c                __aeabi_mem_init
 .text.memset   0x0000000010003d8c        0xc CMakeFiles/smell-sound.dir/home/ranu/gitrepo/pico-sdk/src/rp2_common/pico_mem_ops/mem_ops_aeabi.S.obj
                0x0000000010003d8c                __wrap_memset
 .text.memcpy   0x0000000010003d98        0xc CMakeFiles/smell-sound.dir/home/ranu/gitrepo/pico-sdk/src/rp2_common/pico_mem_ops/mem_ops_aeabi.S.obj
                0x0000000010003d98                __wrap___aeabi_memcpy
                0x0000000010003d98                __wrap_memcpy
 .text.stdio_out_chars_no_crlf
                0x0000000010003da4       0x10 CMakeFiles/smell-sound.dir/home/ranu/gitrepo/pico-sdk/src/rp2_common/pico_stdio/stdio.c.obj
 .text.stdio_out_chars_crlf
                0x0000000010003db4       0xb4 CMakeFiles/smell-sound.dir/home/ranu/gitrepo/pico-sdk/src/rp2_common/pico_stdio/stdio.c.obj
 .text.stdio_buffered_printer
                0x0000000010003e68       0x64 CMakeFiles/smell-sound.dir/home/ranu/gitrepo/pico-sdk/src/rp2_common/pico_stdio/stdio.c.obj
 .text.stdio_put_string.isra.0
                0x0000000010003ecc       0xfc CMakeFiles/smell-sound.dir/home/ranu/gitrepo/pico-sdk/src/rp2_common/pico_stdio/stdio.c.obj
 .text.__wrap_putchar
                0x0000000010003fc8       0x98 CMakeFiles/smell-sound.dir/home/ranu/gitrepo/pico-sdk/src/rp2_common/pico_stdio/stdio.c.obj
                0x0000000010003fc8                __wrap_putchar
 .text.__wrap_puts
                0x0000000010004060       0x3c CMakeFiles/smell-sound.dir/home/ranu/gitrepo/pico-sdk/src/rp2_common/pico_stdio/stdio.c.obj
                0x0000000010004060                __wrap_puts
 .text.stdio_set_driver_enabled
                0x000000001000409c       0x30 CMakeFiles/smell-sound.dir/home/ranu/gitrepo/pico-sdk/src/rp2_common/pico_stdio/stdio.c.obj
                0x000000001000409c                stdio_set_driver_enabled
 .text.__wrap_vprintf
                0x00000000100040cc       0xd8 CMakeFiles/smell-sound.dir/home/ranu/gitrepo/pico-sdk/src/rp2_common/pico_stdio/stdio.c.obj
                0x00000000100040cc                __wrap_vprintf
 .text.__wrap_printf
                0x00000000100041a4       0x18 CMakeFiles/smell-sound.dir/home/ranu/gitrepo/pico-sdk/src/rp2_common/pico_stdio/stdio.c.obj
                0x00000000100041a4                __wrap_printf
 .text.stdio_init_all
                0x00000000100041bc        0xc CMakeFiles/smell-sound.dir/home/ranu/gitrepo/pico-sdk/src/rp2_common/pico_stdio/stdio.c.obj
                0x00000000100041bc                stdio_init_all
 .text.stdio_uart_out_chars
                0x00000000100041c8       0x4c CMakeFiles/smell-sound.dir/home/ranu/gitrepo/pico-sdk/src/rp2_common/pico_stdio_uart/stdio_uart.c.obj
 .text.stdio_uart_in_chars
                0x0000000010004214       0x84 CMakeFiles/smell-sound.dir/home/ranu/gitrepo/pico-sdk/src/rp2_common/pico_stdio_uart/stdio_uart.c.obj
                0x0000000010004214                stdio_uart_in_chars
 .text.on_uart_rx
                0x0000000010004298       0x28 CMakeFiles/smell-sound.dir/home/ranu/gitrepo/pico-sdk/src/rp2_common/pico_stdio_uart/stdio_uart.c.obj
 .text.stdio_uart_set_chars_available_callback
                0x00000000100042c0       0x8c CMakeFiles/smell-sound.dir/home/ranu/gitrepo/pico-sdk/src/rp2_common/pico_stdio_uart/stdio_uart.c.obj
 .text.stdio_uart_init
                0x000000001000434c       0x48 CMakeFiles/smell-sound.dir/home/ranu/gitrepo/pico-sdk/src/rp2_common/pico_stdio_uart/stdio_uart.c.obj
                0x000000001000434c                stdio_uart_init
 .text.spi_init
                0x0000000010004394      0x138 CMakeFiles/smell-sound.dir/home/ranu/gitrepo/pico-sdk/src/rp2_common/hardware_spi/spi.c.obj
                0x0000000010004394                spi_init
 .text.i2c_set_baudrate
                0x00000000100044cc       0xc4 CMakeFiles/smell-sound.dir/home/ranu/gitrepo/pico-sdk/src/rp2_common/hardware_i2c/i2c.c.obj
                0x00000000100044cc                i2c_set_baudrate
 .text.i2c_init
                0x0000000010004590       0x54 CMakeFiles/smell-sound.dir/home/ranu/gitrepo/pico-sdk/src/rp2_common/hardware_i2c/i2c.c.obj
                0x0000000010004590                i2c_init
 .text.i2c_write_blocking
                0x00000000100045e4       0xd0 CMakeFiles/smell-sound.dir/home/ranu/gitrepo/pico-sdk/src/rp2_common/hardware_i2c/i2c.c.obj
                0x00000000100045e4                i2c_write_blocking
 .text.ssd1306_draw_char_with_font.part.0
                0x00000000100046b4      0x148 CMakeFiles/smell-sound.dir/lib/src/ssd1306.c.obj
 .text.ssd1306_bmp_show_image_with_offset.part.0
                0x00000000100047fc      0x180 CMakeFiles/smell-sound.dir/lib/src/ssd1306.c.obj
 .text.ssd1306_init
                0x000000001000497c      0x14c CMakeFiles/smell-sound.dir/lib/src/ssd1306.c.obj
                0x000000001000497c                ssd1306_init
 .text.ssd1306_clear
                0x0000000010004ac8       0x10 CMakeFiles/smell-sound.dir/lib/src/ssd1306.c.obj
                0x0000000010004ac8                ssd1306_clear
 .text.ssd1306_draw_line
                0x0000000010004ad8       0xd4 CMakeFiles/smell-sound.dir/lib/src/ssd1306.c.obj
                0x0000000010004ad8                ssd1306_draw_line
 .text.ssd1306_draw_string_with_font
                0x0000000010004bac       0x5c CMakeFiles/smell-sound.dir/lib/src/ssd1306.c.obj
                0x0000000010004bac                ssd1306_draw_string_with_font
 .text.ssd1306_draw_string
                0x0000000010004c08       0x68 CMakeFiles/smell-sound.dir/lib/src/ssd1306.c.obj
                0x0000000010004c08                ssd1306_draw_string
 .text.ssd1306_bmp_show_image
                0x0000000010004c70       0x10 CMakeFiles/smell-sound.dir/lib/src/ssd1306.c.obj
                0x0000000010004c70                ssd1306_bmp_show_image
 .text.ssd1306_show
                0x0000000010004c80       0xd0 CMakeFiles/smell-sound.dir/lib/src/ssd1306.c.obj
                0x0000000010004c80                ssd1306_show
 .text          0x0000000010004d50       0x28 /usr/lib/gcc/arm-none-eabi/10.3.1/../../../arm-none-eabi/lib/thumb/v6-m/nofp/libc.a(lib_a-malloc.o)
                0x0000000010004d50                malloc
                0x0000000010004d64                free
 .text          0x0000000010004d78      0x574 /usr/lib/gcc/arm-none-eabi/10.3.1/../../../arm-none-eabi/lib/thumb/v6-m/nofp/libc.a(lib_a-mallocr.o)
                0x0000000010004d78                _malloc_r
 .text          0x00000000100052ec        0x8 /usr/lib/gcc/arm-none-eabi/10.3.1/../../../arm-none-eabi/lib/thumb/v6-m/nofp/libc.a(lib_a-mlock.o)
                0x00000000100052ec                __malloc_lock
                0x00000000100052f0                __malloc_unlock
 .text          0x00000000100052f4       0x24 /usr/lib/gcc/arm-none-eabi/10.3.1/../../../arm-none-eabi/lib/thumb/v6-m/nofp/libc.a(lib_a-sbrkr.o)
                0x00000000100052f4                _sbrk_r
 .text          0x0000000010005318       0x5c /usr/lib/gcc/arm-none-eabi/10.3.1/../../../arm-none-eabi/lib/thumb/v6-m/nofp/libc.a(lib_a-strlen-stub.o)
                0x0000000010005318                strlen
 .text          0x0000000010005374      0x260 /usr/lib/gcc/arm-none-eabi/10.3.1/../../../arm-none-eabi/lib/thumb/v6-m/nofp/libc.a(lib_a-freer.o)
                0x0000000010005374                _malloc_trim_r
                0x0000000010005410                _free_r
 *(.fini)
 .fini          0x00000000100055d4        0x4 /usr/lib/gcc/arm-none-eabi/10.3.1/thumb/v6-m/nofp/crti.o
                0x00000000100055d4                _fini
 .fini.__stub   0x00000000100055d8       0x40 linker stubs
 *crtbegin.o(.ctors)
 *crtbegin?.o(.ctors)
 *(EXCLUDE_FILE(*crtend.o *crtend?.o) .ctors)
 *(SORT_BY_NAME(.ctors.*))
 *(.ctors)
 *crtbegin.o(.dtors)
 *crtbegin?.o(.dtors)
 *(EXCLUDE_FILE(*crtend.o *crtend?.o) .dtors)
 *(SORT_BY_NAME(.dtors.*))
 *(.dtors)
 *(.eh_frame*)
 .eh_frame      0x0000000010005618        0x0 /usr/lib/gcc/arm-none-eabi/10.3.1/thumb/v6-m/nofp/crtbegin.o
                0x0000000010005618                . = ALIGN (0x4)

.glue_7         0x0000000010005618        0x0
 .glue_7        0x0000000010005618        0x0 linker stubs

.glue_7t        0x0000000010005618        0x0
 .glue_7t       0x0000000010005618        0x0 linker stubs

.vfp11_veneer   0x0000000010005618        0x0
 .vfp11_veneer  0x0000000010005618        0x0 linker stubs

.v4_bx          0x0000000010005618        0x0
 .v4_bx         0x0000000010005618        0x0 linker stubs

.iplt           0x0000000010005618        0x0
 .iplt          0x0000000010005618        0x0 /usr/lib/gcc/arm-none-eabi/10.3.1/thumb/v6-m/nofp/crtbegin.o

.rodata         0x0000000010005618     0x1498
 *(EXCLUDE_FILE(*libm.a: *libc.a:*lib_a-mem*.o *libgcc.a:) .rodata*)
 .rodata.str1.4
                0x0000000010005618       0x17 CMakeFiles/smell-sound.dir/smell-sound.c.obj
 *fill*         0x000000001000562f        0x1 
 .rodata.animation.str1.4
                0x0000000010005630        0xb CMakeFiles/smell-sound.dir/smell-sound.c.obj
 *fill*         0x000000001000563b        0x1 
 .rodata        0x000000001000563c        0xc CMakeFiles/smell-sound.dir/smell-sound.c.obj
 .rodata.BMSPA_font
                0x0000000010005648      0x305 CMakeFiles/smell-sound.dir/smell-sound.c.obj
                0x0000000010005648                BMSPA_font
 *fill*         0x000000001000594d        0x3 
 .rodata.acme_font
                0x0000000010005950      0x245 CMakeFiles/smell-sound.dir/smell-sound.c.obj
                0x0000000010005950                acme_font
 *fill*         0x0000000010005b95        0x3 
 .rodata.bubblesstandard_font
                0x0000000010005b98      0x2a5 CMakeFiles/smell-sound.dir/smell-sound.c.obj
                0x0000000010005b98                bubblesstandard_font
 *fill*         0x0000000010005e3d        0x3 
 .rodata.crackers_font
                0x0000000010005e40      0x245 CMakeFiles/smell-sound.dir/smell-sound.c.obj
                0x0000000010005e40                crackers_font
 *fill*         0x0000000010006085        0x3 
 .rodata.image_data
                0x0000000010006088      0x482 CMakeFiles/smell-sound.dir/smell-sound.c.obj
                0x0000000010006088                image_data
 *fill*         0x000000001000650a        0x2 
 .rodata.num_chars_per_disp
                0x000000001000650c        0x4 CMakeFiles/smell-sound.dir/smell-sound.c.obj
                0x000000001000650c                num_chars_per_disp
 .rodata.hardware_alarm_claim.str1.4
                0x0000000010006510       0x22 CMakeFiles/smell-sound.dir/home/ranu/gitrepo/pico-sdk/src/rp2_common/hardware_timer/timer.c.obj
 *fill*         0x0000000010006532        0x2 
 .rodata.panic.str1.4
                0x0000000010006534       0x12 CMakeFiles/smell-sound.dir/home/ranu/gitrepo/pico-sdk/src/rp2_common/pico_runtime/runtime.c.obj
 *fill*         0x0000000010006546        0x2 
 .rodata.hard_assertion_failure.str1.4
                0x0000000010006548        0xc CMakeFiles/smell-sound.dir/home/ranu/gitrepo/pico-sdk/src/rp2_common/pico_runtime/runtime.c.obj
 .rodata._ftoa.str1.4
                0x0000000010006554       0x15 CMakeFiles/smell-sound.dir/home/ranu/gitrepo/pico-sdk/src/rp2_common/pico_printf/printf.c.obj
 *fill*         0x0000000010006569        0x3 
 .rodata._vsnprintf
                0x000000001000656c      0x1e0 CMakeFiles/smell-sound.dir/home/ranu/gitrepo/pico-sdk/src/rp2_common/pico_printf/printf.c.obj
 *fill*         0x000000001000674c        0x4 
 .rodata.pow10.0
                0x0000000010006750       0x50 CMakeFiles/smell-sound.dir/home/ranu/gitrepo/pico-sdk/src/rp2_common/pico_printf/printf.c.obj
 .rodata.missing_double_func_shim.str1.4
                0x00000000100067a0       0x18 CMakeFiles/smell-sound.dir/home/ranu/gitrepo/pico-sdk/src/rp2_common/pico_double/double_init_rom.c.obj
 .rodata.missing_float_func_shim.str1.4
                0x00000000100067b8       0x18 CMakeFiles/smell-sound.dir/home/ranu/gitrepo/pico-sdk/src/rp2_common/pico_float/float_init_rom.c.obj
                                          0x1 (size before relaxing)
 .rodata.__wrap_malloc.str1.4
                0x00000000100067b8        0xe CMakeFiles/smell-sound.dir/home/ranu/gitrepo/pico-sdk/src/rp2_common/pico_malloc/pico_malloc.c.obj
 *fill*         0x00000000100067c6        0x2 
 .rodata.str1.4
                0x00000000100067c8       0x44 CMakeFiles/smell-sound.dir/home/ranu/gitrepo/pico-sdk/src/rp2_common/pico_standard_link/binary_info.c.obj
 .rodata.__bi_44
                0x000000001000680c        0xc CMakeFiles/smell-sound.dir/home/ranu/gitrepo/pico-sdk/src/rp2_common/pico_standard_link/binary_info.c.obj
 .rodata.__bi_56
                0x0000000010006818        0xc CMakeFiles/smell-sound.dir/home/ranu/gitrepo/pico-sdk/src/rp2_common/pico_standard_link/binary_info.c.obj
 .rodata.__bi_75
                0x0000000010006824        0xc CMakeFiles/smell-sound.dir/home/ranu/gitrepo/pico-sdk/src/rp2_common/pico_standard_link/binary_info.c.obj
 .rodata.__bi_81
                0x0000000010006830        0xc CMakeFiles/smell-sound.dir/home/ranu/gitrepo/pico-sdk/src/rp2_common/pico_standard_link/binary_info.c.obj
 .rodata.crlf_str.0
                0x000000001000683c        0x2 CMakeFiles/smell-sound.dir/home/ranu/gitrepo/pico-sdk/src/rp2_common/pico_stdio/stdio.c.obj
 *fill*         0x000000001000683e        0x2 
 .rodata.str1.4
                0x0000000010006840       0x2c CMakeFiles/smell-sound.dir/home/ranu/gitrepo/pico-sdk/src/rp2_common/pico_stdio_uart/stdio_uart.c.obj
 .rodata.__bi_33.4
                0x000000001000686c        0xc CMakeFiles/smell-sound.dir/home/ranu/gitrepo/pico-sdk/src/rp2_common/pico_stdio_uart/stdio_uart.c.obj
 .rodata.__bi_34.5
                0x0000000010006878        0x8 CMakeFiles/smell-sound.dir/home/ranu/gitrepo/pico-sdk/src/rp2_common/pico_stdio_uart/stdio_uart.c.obj
 .rodata.ssd1306_init.str1.4
                0x0000000010006880       0x3f CMakeFiles/smell-sound.dir/lib/src/ssd1306.c.obj
 *fill*         0x00000000100068bf        0x1 
 .rodata.ssd1306_show.str1.4
                0x00000000100068c0        0xd CMakeFiles/smell-sound.dir/lib/src/ssd1306.c.obj
 *fill*         0x00000000100068cd        0x3 
 .rodata.font_8x5
                0x00000000100068d0      0x1e0 CMakeFiles/smell-sound.dir/lib/src/ssd1306.c.obj
                0x00000000100068d0                font_8x5
                0x0000000010006ab0                . = ALIGN (0x4)
 *(SORT_BY_ALIGNMENT(SORT_BY_NAME(.flashdata*)))
                0x0000000010006ab0                . = ALIGN (0x4)

.ARM.extab
 *(.ARM.extab* .gnu.linkonce.armextab.*)
                0x0000000010006ab0                __exidx_start = .

.ARM.exidx
 *(.ARM.exidx* .gnu.linkonce.armexidx.*)
                0x0000000010006ab0                __exidx_end = .
                0x0000000010006ab0                . = ALIGN (0x4)
                0x0000000010006ab0                __binary_info_start = .

.binary_info    0x0000000010006ab0       0x28
 *(.binary_info.keep.*)
 .binary_info.keep.__bi_ptr22
                0x0000000010006ab0        0x4 CMakeFiles/smell-sound.dir/home/ranu/gitrepo/pico-sdk/src/rp2_common/pico_standard_link/binary_info.c.obj
 .binary_info.keep.__bi_ptr30
                0x0000000010006ab4        0x4 CMakeFiles/smell-sound.dir/home/ranu/gitrepo/pico-sdk/src/rp2_common/pico_standard_link/binary_info.c.obj
 .binary_info.keep.__bi_ptr38
                0x0000000010006ab8        0x4 CMakeFiles/smell-sound.dir/home/ranu/gitrepo/pico-sdk/src/rp2_common/pico_standard_link/binary_info.c.obj
 .binary_info.keep.__bi_ptr44
                0x0000000010006abc        0x4 CMakeFiles/smell-sound.dir/home/ranu/gitrepo/pico-sdk/src/rp2_common/pico_standard_link/binary_info.c.obj
 .binary_info.keep.__bi_ptr50
                0x0000000010006ac0        0x4 CMakeFiles/smell-sound.dir/home/ranu/gitrepo/pico-sdk/src/rp2_common/pico_standard_link/binary_info.c.obj
 .binary_info.keep.__bi_ptr56
                0x0000000010006ac4        0x4 CMakeFiles/smell-sound.dir/home/ranu/gitrepo/pico-sdk/src/rp2_common/pico_standard_link/binary_info.c.obj
 .binary_info.keep.__bi_ptr75
                0x0000000010006ac8        0x4 CMakeFiles/smell-sound.dir/home/ranu/gitrepo/pico-sdk/src/rp2_common/pico_standard_link/binary_info.c.obj
 .binary_info.keep.__bi_ptr81
                0x0000000010006acc        0x4 CMakeFiles/smell-sound.dir/home/ranu/gitrepo/pico-sdk/src/rp2_common/pico_standard_link/binary_info.c.obj
 *(.binary_info.*)
 .binary_info.__bi_ptr33
                0x0000000010006ad0        0x4 CMakeFiles/smell-sound.dir/home/ranu/gitrepo/pico-sdk/src/rp2_common/pico_stdio_uart/stdio_uart.c.obj
 .binary_info.__bi_ptr34
                0x0000000010006ad4        0x4 CMakeFiles/smell-sound.dir/home/ranu/gitrepo/pico-sdk/src/rp2_common/pico_stdio_uart/stdio_uart.c.obj
                0x0000000010006ad8                __binary_info_end = .

.rel.dyn        0x0000000010006ad8        0x0
 .rel.iplt      0x0000000010006ad8        0x0 /usr/lib/gcc/arm-none-eabi/10.3.1/thumb/v6-m/nofp/crtbegin.o
                0x0000000010006ad8                . = ALIGN (0x4)

.ram_vector_table
                0x0000000020000000       0xc0
 *(.ram_vector_table)
 .ram_vector_table
                0x0000000020000000       0xc0 CMakeFiles/smell-sound.dir/home/ranu/gitrepo/pico-sdk/src/rp2_common/pico_runtime/runtime.c.obj
                0x0000000020000000                ram_vector_table

.data           0x00000000200000c0      0xa04 load address 0x0000000010006ad8
                0x00000000200000c0                __data_start__ = .
 *(vtable)
 *(.time_critical*)
 .time_critical.mutex_try_enter_block_until
                0x00000000200000c0       0x9c CMakeFiles/smell-sound.dir/home/ranu/gitrepo/pico-sdk/src/common/pico_sync/mutex.c.obj
                0x00000000200000c0                mutex_try_enter_block_until
 .time_critical.mutex_exit
                0x000000002000015c       0x28 CMakeFiles/smell-sound.dir/home/ranu/gitrepo/pico-sdk/src/common/pico_sync/mutex.c.obj
                0x000000002000015c                mutex_exit
 *(.text*)
 .text          0x0000000020000184        0x4 /usr/lib/gcc/arm-none-eabi/10.3.1/thumb/v6-m/nofp/libgcc.a(_dvmd_tls.o)
                0x0000000020000184                __aeabi_ldiv0
                0x0000000020000184                __aeabi_idiv0
 .text.__stub   0x0000000020000188       0x10 linker stubs
                0x0000000020000198                . = ALIGN (0x4)
 *(.rodata*)
                0x0000000020000198                . = ALIGN (0x4)
 *(.data*)
 .data.fonts    0x0000000020000198       0x10 CMakeFiles/smell-sound.dir/smell-sound.c.obj
                0x0000000020000198                fonts
 .data.striped_spin_lock_num
                0x00000000200001a8        0x1 CMakeFiles/smell-sound.dir/home/ranu/gitrepo/pico-sdk/src/rp2_common/hardware_sync/sync.c.obj
 *fill*         0x00000000200001a9        0x3 
 .data          0x00000000200001ac       0x48 CMakeFiles/smell-sound.dir/home/ranu/gitrepo/pico-sdk/src/rp2_common/hardware_irq/irq_handler_chain.S.obj
                0x00000000200001ac                irq_handler_chain_slots
                0x00000000200001dc                irq_handler_chain_first_slot
                0x00000000200001e6                irq_handler_chain_remove_tail
 .data.default_alarm_pool
                0x00000000200001f4       0x18 CMakeFiles/smell-sound.dir/home/ranu/gitrepo/pico-sdk/src/common/pico_time/time.c.obj
 .data.default_alarm_pool_heap
                0x000000002000020c       0x10 CMakeFiles/smell-sound.dir/home/ranu/gitrepo/pico-sdk/src/common/pico_time/time.c.obj
 *fill*         0x000000002000021c        0x4 
 .data.aeabi_bits_funcs
                0x0000000020000220       0x10 CMakeFiles/smell-sound.dir/home/ranu/gitrepo/pico-sdk/src/rp2_common/pico_bit_ops/bit_ops_aeabi.S.obj
                0x0000000020000220                aeabi_bits_funcs
                0x0000000020000230                aeabi_bits_funcs_end
 .data.aeabi_mem_funcs
                0x0000000020000230       0x10 CMakeFiles/smell-sound.dir/home/ranu/gitrepo/pico-sdk/src/rp2_common/pico_mem_ops/mem_ops_aeabi.S.obj
                0x0000000020000230                aeabi_mem_funcs
                0x0000000020000240                aeabi_mem_funcs_end
 .data.stdio_uart
                0x0000000020000240       0x18 CMakeFiles/smell-sound.dir/home/ranu/gitrepo/pico-sdk/src/rp2_common/pico_stdio_uart/stdio_uart.c.obj
                0x0000000020000240                stdio_uart
 .data.i2c0_inst
                0x0000000020000258        0x8 CMakeFiles/smell-sound.dir/home/ranu/gitrepo/pico-sdk/src/rp2_common/hardware_i2c/i2c.c.obj
                0x0000000020000258                i2c0_inst
 .data.i2c1_inst
                0x0000000020000260        0x8 CMakeFiles/smell-sound.dir/home/ranu/gitrepo/pico-sdk/src/rp2_common/hardware_i2c/i2c.c.obj
                0x0000000020000260                i2c1_inst
 .data          0x0000000020000268      0x430 /usr/lib/gcc/arm-none-eabi/10.3.1/../../../arm-none-eabi/lib/thumb/v6-m/nofp/libc.a(lib_a-impure.o)
                0x0000000020000268                _impure_ptr
 .data          0x0000000020000698      0x410 /usr/lib/gcc/arm-none-eabi/10.3.1/../../../arm-none-eabi/lib/thumb/v6-m/nofp/libc.a(lib_a-mallocr.o)
                0x0000000020000698                __malloc_sbrk_base
                0x000000002000069c                __malloc_trim_threshold
                0x00000000200006a0                __malloc_av_
                0x0000000020000aa8                . = ALIGN (0x4)
 *(.after_data.*)
                0x0000000020000aa8                . = ALIGN (0x4)
                0x0000000020000aa8                PROVIDE (__mutex_array_start = .)
 *(SORT_BY_NAME(.mutex_array.*))
 *(.mutex_array)
 .mutex_array   0x0000000020000aa8        0x8 CMakeFiles/smell-sound.dir/home/ranu/gitrepo/pico-sdk/src/rp2_common/pico_stdio/stdio.c.obj
                0x0000000020000ab0                PROVIDE (__mutex_array_end = .)
                0x0000000020000ab0                . = ALIGN (0x4)
                0x0000000020000ab0                PROVIDE (__preinit_array_start = .)
 *(SORT_BY_NAME(.preinit_array.*))
 .preinit_array.00001
                0x0000000020000ab0        0x4 CMakeFiles/smell-sound.dir/home/ranu/gitrepo/pico-sdk/src/rp2_common/pico_mem_ops/mem_ops_aeabi.S.obj
 .preinit_array.00010
                0x0000000020000ab4        0x4 CMakeFiles/smell-sound.dir/home/ranu/gitrepo/pico-sdk/src/rp2_common/pico_bit_ops/bit_ops_aeabi.S.obj
 .preinit_array.00020
                0x0000000020000ab8        0x4 CMakeFiles/smell-sound.dir/home/ranu/gitrepo/pico-sdk/src/rp2_common/pico_double/double_aeabi.S.obj
 .preinit_array.00020
                0x0000000020000abc        0x4 CMakeFiles/smell-sound.dir/home/ranu/gitrepo/pico-sdk/src/rp2_common/pico_float/float_aeabi.S.obj
 *(.preinit_array)
                0x0000000020000ac0                PROVIDE (__preinit_array_end = .)
                0x0000000020000ac0                . = ALIGN (0x4)
                0x0000000020000ac0                PROVIDE (__init_array_start = .)
 *(SORT_BY_NAME(.init_array.*))
 *(.init_array)
 .init_array    0x0000000020000ac0        0x4 /usr/lib/gcc/arm-none-eabi/10.3.1/thumb/v6-m/nofp/crtbegin.o
                0x0000000020000ac4                PROVIDE (__init_array_end = .)
                0x0000000020000ac4                . = ALIGN (0x4)
                0x0000000020000ac4                PROVIDE (__fini_array_start = .)
 *(SORT_BY_NAME(.fini_array.*))
 *(.fini_array)
                0x0000000020000ac4                PROVIDE (__fini_array_end = .)
 *(.jcr)
                0x0000000020000ac4                . = ALIGN (0x4)
                0x0000000020000ac4                __data_end__ = .
                0x0000000010006ad8                __etext = LOADADDR (.data)

.tm_clone_table
                0x0000000020000ac4        0x0 load address 0x00000000100074dc
 .tm_clone_table
                0x0000000020000ac4        0x0 /usr/lib/gcc/arm-none-eabi/10.3.1/thumb/v6-m/nofp/crtbegin.o
 .tm_clone_table
                0x0000000020000ac4        0x0 /usr/lib/gcc/arm-none-eabi/10.3.1/thumb/v6-m/nofp/crtend.o

.igot.plt       0x0000000020000ac4        0x0 load address 0x00000000100074dc
 .igot.plt      0x0000000020000ac4        0x0 /usr/lib/gcc/arm-none-eabi/10.3.1/thumb/v6-m/nofp/crtbegin.o

.uninitialized_data
                0x0000000020000ac4        0x0 load address 0x00000000100074dc
                0x0000000020000ac4                . = ALIGN (0x4)
 *(.uninitialized_data*)

.scratch_x      0x0000000020040000        0x0 load address 0x00000000100074dc
                0x0000000020040000                __scratch_x_start__ = .
 *(.scratch_x.*)
                0x0000000020040000                . = ALIGN (0x4)
                0x0000000020040000                __scratch_x_end__ = .
                0x00000000100074dc                __scratch_x_source__ = LOADADDR (.scratch_x)

.scratch_y      0x0000000020041000        0x0 load address 0x00000000100074dc
                0x0000000020041000                __scratch_y_start__ = .
 *(.scratch_y.*)
                0x0000000020041000                . = ALIGN (0x4)
                0x0000000020041000                __scratch_y_end__ = .
                0x00000000100074dc                __scratch_y_source__ = LOADADDR (.scratch_y)

.bss            0x0000000020000ac8      0x418
                0x0000000020000ac8                . = ALIGN (0x4)
                0x0000000020000ac8                __bss_start__ = .
 *(SORT_BY_ALIGNMENT(SORT_BY_NAME(.bss*)))
 .bss.default_alarm_pool_entries
                0x0000000020000ac8      0x100 CMakeFiles/smell-sound.dir/home/ranu/gitrepo/pico-sdk/src/common/pico_time/time.c.obj
 .bss.sd_table  0x0000000020000bc8      0x100 CMakeFiles/smell-sound.dir/home/ranu/gitrepo/pico-sdk/src/rp2_common/pico_double/double_init_rom.c.obj
                0x0000000020000bc8                sd_table
 .bss           0x0000000020000cc8       0x1c /usr/lib/gcc/arm-none-eabi/10.3.1/thumb/v6-m/nofp/crtbegin.o
 .bss           0x0000000020000ce4       0x34 /usr/lib/gcc/arm-none-eabi/10.3.1/../../../arm-none-eabi/lib/thumb/v6-m/nofp/libc.a(lib_a-mallocr.o)
                0x0000000020000ce4                __malloc_top_pad
                0x0000000020000ce8                __malloc_current_mallinfo
                0x0000000020000d10                __malloc_max_sbrked_mem
                0x0000000020000d14                __malloc_max_total_mem
 .bss           0x0000000020000d18        0x4 /usr/lib/gcc/arm-none-eabi/10.3.1/../../../arm-none-eabi/lib/thumb/v6-m/nofp/libc.a(lib_a-reent.o)
                0x0000000020000d18                errno
 .bss.alarm_callbacks
                0x0000000020000d1c       0x10 CMakeFiles/smell-sound.dir/home/ranu/gitrepo/pico-sdk/src/rp2_common/hardware_timer/timer.c.obj
 .bss.chars_available_callback
                0x0000000020000d2c        0x4 CMakeFiles/smell-sound.dir/home/ranu/gitrepo/pico-sdk/src/rp2_common/pico_stdio_uart/stdio_uart.c.obj
 .bss.chars_available_param
                0x0000000020000d30        0x4 CMakeFiles/smell-sound.dir/home/ranu/gitrepo/pico-sdk/src/rp2_common/pico_stdio_uart/stdio_uart.c.obj
 .bss.configured_freq
                0x0000000020000d34       0x28 CMakeFiles/smell-sound.dir/home/ranu/gitrepo/pico-sdk/src/rp2_common/hardware_clocks/clocks.c.obj
 .bss.default_alarm_pool_entry_ids_high
                0x0000000020000d5c       0x10 CMakeFiles/smell-sound.dir/home/ranu/gitrepo/pico-sdk/src/common/pico_time/time.c.obj
 .bss.default_alarm_pool_heap_nodes
                0x0000000020000d6c       0x30 CMakeFiles/smell-sound.dir/home/ranu/gitrepo/pico-sdk/src/common/pico_time/time.c.obj
 .bss.drivers   0x0000000020000d9c        0x4 CMakeFiles/smell-sound.dir/home/ranu/gitrepo/pico-sdk/src/rp2_common/pico_stdio/stdio.c.obj
 .bss.filter    0x0000000020000da0        0x4 CMakeFiles/smell-sound.dir/home/ranu/gitrepo/pico-sdk/src/rp2_common/pico_stdio/stdio.c.obj
 .bss.heap_end.0
                0x0000000020000da4        0x4 CMakeFiles/smell-sound.dir/home/ranu/gitrepo/pico-sdk/src/rp2_common/pico_runtime/runtime.c.obj
 .bss.lazy_vsnprintf
                0x0000000020000da8        0x4 CMakeFiles/smell-sound.dir/home/ranu/gitrepo/pico-sdk/src/rp2_common/pico_printf/printf.c.obj
 .bss.pools     0x0000000020000dac       0x10 CMakeFiles/smell-sound.dir/home/ranu/gitrepo/pico-sdk/src/common/pico_time/time.c.obj
 .bss.sf_clz_func
                0x0000000020000dbc        0x4 CMakeFiles/smell-sound.dir/home/ranu/gitrepo/pico-sdk/src/rp2_common/pico_double/double_init_rom.c.obj
                0x0000000020000dbc                sf_clz_func
 .bss.sf_table  0x0000000020000dc0      0x100 CMakeFiles/smell-sound.dir/home/ranu/gitrepo/pico-sdk/src/rp2_common/pico_float/float_init_rom.c.obj
                0x0000000020000dc0                sf_table
 .bss.sleep_notifier
                0x0000000020000ec0        0x4 CMakeFiles/smell-sound.dir/home/ranu/gitrepo/pico-sdk/src/common/pico_time/time.c.obj
 .bss.target_hi
                0x0000000020000ec4       0x10 CMakeFiles/smell-sound.dir/home/ranu/gitrepo/pico-sdk/src/rp2_common/hardware_timer/timer.c.obj
 .bss.uart_char_to_line_feed
                0x0000000020000ed4        0x4 CMakeFiles/smell-sound.dir/home/ranu/gitrepo/pico-sdk/src/rp2_common/hardware_uart/uart.c.obj
                0x0000000020000ed4                uart_char_to_line_feed
 .bss.uart_instance
                0x0000000020000ed8        0x4 CMakeFiles/smell-sound.dir/home/ranu/gitrepo/pico-sdk/src/rp2_common/pico_stdio_uart/stdio_uart.c.obj
 .bss.claimed   0x0000000020000edc        0x1 CMakeFiles/smell-sound.dir/home/ranu/gitrepo/pico-sdk/src/rp2_common/hardware_timer/timer.c.obj
 .bss.irq_hander_chain_free_slot_head
                0x0000000020000edd        0x1 CMakeFiles/smell-sound.dir/home/ranu/gitrepo/pico-sdk/src/rp2_common/hardware_irq/irq.c.obj
 .bss.timer_callbacks_pending
                0x0000000020000ede        0x1 CMakeFiles/smell-sound.dir/home/ranu/gitrepo/pico-sdk/src/rp2_common/hardware_timer/timer.c.obj
 *(COMMON)
                0x0000000020000ee0                . = ALIGN (0x4)
 *fill*         0x0000000020000edf        0x1 
                0x0000000020000ee0                __bss_end__ = .

.heap           0x0000000020000ee0      0x800
                0x0000000020000ee0                __end__ = .
                0x0000000020000ee0                end = __end__
 *(.heap*)
 .heap          0x0000000020000ee0      0x800 CMakeFiles/smell-sound.dir/home/ranu/gitrepo/pico-sdk/src/rp2_common/pico_standard_link/crt0.S.obj
                0x00000000200016e0                __HeapLimit = .

.stack1_dummy   0x0000000020040000        0x0
 *(.stack1*)

.stack_dummy    0x0000000020041000      0x800
 *(.stack*)
 .stack         0x0000000020041000      0x800 CMakeFiles/smell-sound.dir/home/ranu/gitrepo/pico-sdk/src/rp2_common/pico_standard_link/crt0.S.obj

.flash_end      0x00000000100074dc        0x0
                0x00000000100074dc                PROVIDE (__flash_binary_end = .)
                0x0000000020040000                __StackLimit = (ORIGIN (RAM) + LENGTH (RAM))
                0x0000000020041000                __StackOneTop = (ORIGIN (SCRATCH_X) + LENGTH (SCRATCH_X))
                0x0000000020042000                __StackTop = (ORIGIN (SCRATCH_Y) + LENGTH (SCRATCH_Y))
                0x0000000020041000                __StackOneBottom = (__StackOneTop - SIZEOF (.stack1_dummy))
                0x0000000020041800                __StackBottom = (__StackTop - SIZEOF (.stack_dummy))
                0x0000000020042000                PROVIDE (__stack = __StackTop)
                0x0000000000000001                ASSERT ((__StackLimit >= __HeapLimit), region RAM overflowed)
                0x0000000000000001                ASSERT (((__binary_info_header_end - __logical_binary_start) <= 0x100), Binary info must be in first 256 bytes of the binary)
LOAD CMakeFiles/smell-sound.dir/smell-sound.c.obj
LOAD CMakeFiles/smell-sound.dir/home/ranu/gitrepo/pico-sdk/src/rp2_common/pico_stdlib/stdlib.c.obj
LOAD CMakeFiles/smell-sound.dir/home/ranu/gitrepo/pico-sdk/src/rp2_common/hardware_gpio/gpio.c.obj
LOAD CMakeFiles/smell-sound.dir/home/ranu/gitrepo/pico-sdk/src/rp2_common/pico_platform/platform.c.obj
LOAD CMakeFiles/smell-sound.dir/home/ranu/gitrepo/pico-sdk/src/rp2_common/hardware_claim/claim.c.obj
LOAD CMakeFiles/smell-sound.dir/home/ranu/gitrepo/pico-sdk/src/rp2_common/hardware_sync/sync.c.obj
LOAD CMakeFiles/smell-sound.dir/home/ranu/gitrepo/pico-sdk/src/rp2_common/hardware_irq/irq.c.obj
LOAD CMakeFiles/smell-sound.dir/home/ranu/gitrepo/pico-sdk/src/rp2_common/hardware_irq/irq_handler_chain.S.obj
LOAD CMakeFiles/smell-sound.dir/home/ranu/gitrepo/pico-sdk/src/common/pico_sync/sem.c.obj
LOAD CMakeFiles/smell-sound.dir/home/ranu/gitrepo/pico-sdk/src/common/pico_sync/lock_core.c.obj
LOAD CMakeFiles/smell-sound.dir/home/ranu/gitrepo/pico-sdk/src/common/pico_sync/mutex.c.obj
LOAD CMakeFiles/smell-sound.dir/home/ranu/gitrepo/pico-sdk/src/common/pico_sync/critical_section.c.obj
LOAD CMakeFiles/smell-sound.dir/home/ranu/gitrepo/pico-sdk/src/common/pico_time/time.c.obj
LOAD CMakeFiles/smell-sound.dir/home/ranu/gitrepo/pico-sdk/src/common/pico_time/timeout_helper.c.obj
LOAD CMakeFiles/smell-sound.dir/home/ranu/gitrepo/pico-sdk/src/rp2_common/hardware_timer/timer.c.obj
LOAD CMakeFiles/smell-sound.dir/home/ranu/gitrepo/pico-sdk/src/common/pico_util/datetime.c.obj
LOAD CMakeFiles/smell-sound.dir/home/ranu/gitrepo/pico-sdk/src/common/pico_util/pheap.c.obj
LOAD CMakeFiles/smell-sound.dir/home/ranu/gitrepo/pico-sdk/src/common/pico_util/queue.c.obj
LOAD CMakeFiles/smell-sound.dir/home/ranu/gitrepo/pico-sdk/src/rp2_common/hardware_uart/uart.c.obj
LOAD CMakeFiles/smell-sound.dir/home/ranu/gitrepo/pico-sdk/src/rp2_common/hardware_clocks/clocks.c.obj
LOAD CMakeFiles/smell-sound.dir/home/ranu/gitrepo/pico-sdk/src/rp2_common/hardware_pll/pll.c.obj
LOAD CMakeFiles/smell-sound.dir/home/ranu/gitrepo/pico-sdk/src/rp2_common/hardware_vreg/vreg.c.obj
LOAD CMakeFiles/smell-sound.dir/home/ranu/gitrepo/pico-sdk/src/rp2_common/hardware_watchdog/watchdog.c.obj
LOAD CMakeFiles/smell-sound.dir/home/ranu/gitrepo/pico-sdk/src/rp2_common/hardware_xosc/xosc.c.obj
LOAD CMakeFiles/smell-sound.dir/home/ranu/gitrepo/pico-sdk/src/rp2_common/hardware_divider/divider.S.obj
LOAD CMakeFiles/smell-sound.dir/home/ranu/gitrepo/pico-sdk/src/rp2_common/pico_runtime/runtime.c.obj
LOAD CMakeFiles/smell-sound.dir/home/ranu/gitrepo/pico-sdk/src/rp2_common/pico_printf/printf.c.obj
LOAD CMakeFiles/smell-sound.dir/home/ranu/gitrepo/pico-sdk/src/rp2_common/pico_bit_ops/bit_ops_aeabi.S.obj
LOAD CMakeFiles/smell-sound.dir/home/ranu/gitrepo/pico-sdk/src/rp2_common/pico_bootrom/bootrom.c.obj
LOAD CMakeFiles/smell-sound.dir/home/ranu/gitrepo/pico-sdk/src/rp2_common/pico_divider/divider.S.obj
LOAD CMakeFiles/smell-sound.dir/home/ranu/gitrepo/pico-sdk/src/rp2_common/pico_double/double_aeabi.S.obj
LOAD CMakeFiles/smell-sound.dir/home/ranu/gitrepo/pico-sdk/src/rp2_common/pico_double/double_init_rom.c.obj
LOAD CMakeFiles/smell-sound.dir/home/ranu/gitrepo/pico-sdk/src/rp2_common/pico_double/double_math.c.obj
LOAD CMakeFiles/smell-sound.dir/home/ranu/gitrepo/pico-sdk/src/rp2_common/pico_double/double_v1_rom_shim.S.obj
LOAD CMakeFiles/smell-sound.dir/home/ranu/gitrepo/pico-sdk/src/rp2_common/pico_int64_ops/pico_int64_ops_aeabi.S.obj
LOAD CMakeFiles/smell-sound.dir/home/ranu/gitrepo/pico-sdk/src/rp2_common/pico_float/float_aeabi.S.obj
LOAD CMakeFiles/smell-sound.dir/home/ranu/gitrepo/pico-sdk/src/rp2_common/pico_float/float_init_rom.c.obj
LOAD CMakeFiles/smell-sound.dir/home/ranu/gitrepo/pico-sdk/src/rp2_common/pico_float/float_math.c.obj
LOAD CMakeFiles/smell-sound.dir/home/ranu/gitrepo/pico-sdk/src/rp2_common/pico_float/float_v1_rom_shim.S.obj
LOAD CMakeFiles/smell-sound.dir/home/ranu/gitrepo/pico-sdk/src/rp2_common/pico_malloc/pico_malloc.c.obj
LOAD CMakeFiles/smell-sound.dir/home/ranu/gitrepo/pico-sdk/src/rp2_common/pico_mem_ops/mem_ops_aeabi.S.obj
LOAD CMakeFiles/smell-sound.dir/home/ranu/gitrepo/pico-sdk/src/rp2_common/pico_standard_link/crt0.S.obj
LOAD CMakeFiles/smell-sound.dir/home/ranu/gitrepo/pico-sdk/src/rp2_common/pico_standard_link/new_delete.cpp.obj
LOAD CMakeFiles/smell-sound.dir/home/ranu/gitrepo/pico-sdk/src/rp2_common/pico_standard_link/binary_info.c.obj
LOAD CMakeFiles/smell-sound.dir/home/ranu/gitrepo/pico-sdk/src/rp2_common/pico_stdio/stdio.c.obj
LOAD CMakeFiles/smell-sound.dir/home/ranu/gitrepo/pico-sdk/src/rp2_common/pico_stdio_uart/stdio_uart.c.obj
LOAD CMakeFiles/smell-sound.dir/home/ranu/gitrepo/pico-sdk/src/rp2_common/hardware_spi/spi.c.obj
LOAD CMakeFiles/smell-sound.dir/home/ranu/gitrepo/pico-sdk/src/rp2_common/hardware_i2c/i2c.c.obj
LOAD CMakeFiles/smell-sound.dir/lib/src/ssd1306.c.obj
LOAD /tmp/cctIAdvk.o
LOAD /usr/lib/gcc/arm-none-eabi/10.3.1/../../../arm-none-eabi/lib/thumb/v6-m/nofp/libstdc++.a
LOAD /usr/lib/gcc/arm-none-eabi/10.3.1/../../../arm-none-eabi/lib/thumb/v6-m/nofp/libm.a
START GROUP
LOAD /usr/lib/gcc/arm-none-eabi/10.3.1/thumb/v6-m/nofp/libgcc.a
LOAD /usr/lib/gcc/arm-none-eabi/10.3.1/../../../arm-none-eabi/lib/thumb/v6-m/nofp/libc.a
END GROUP
START GROUP
LOAD /usr/lib/gcc/arm-none-eabi/10.3.1/thumb/v6-m/nofp/libgcc.a
LOAD /usr/lib/gcc/arm-none-eabi/10.3.1/../../../arm-none-eabi/lib/thumb/v6-m/nofp/libc.a
LOAD /usr/lib/gcc/arm-none-eabi/10.3.1/../../../arm-none-eabi/lib/thumb/v6-m/nofp/libnosys.a
END GROUP
LOAD /usr/lib/gcc/arm-none-eabi/10.3.1/thumb/v6-m/nofp/crtend.o
LOAD /usr/lib/gcc/arm-none-eabi/10.3.1/thumb/v6-m/nofp/crtn.o
OUTPUT(smell-sound.elf elf32-littlearm)
LOAD linker stubs

.ARM.attributes
                0x0000000000000000       0x28
 .ARM.attributes
                0x0000000000000000       0x1e /usr/lib/gcc/arm-none-eabi/10.3.1/thumb/v6-m/nofp/crti.o
 .ARM.attributes
                0x000000000000001e       0x2c /usr/lib/gcc/arm-none-eabi/10.3.1/thumb/v6-m/nofp/crtbegin.o
 .ARM.attributes
                0x000000000000004a       0x2c CMakeFiles/smell-sound.dir/smell-sound.c.obj
 .ARM.attributes
                0x0000000000000076       0x2c CMakeFiles/smell-sound.dir/home/ranu/gitrepo/pico-sdk/src/rp2_common/hardware_gpio/gpio.c.obj
 .ARM.attributes
                0x00000000000000a2       0x2c CMakeFiles/smell-sound.dir/home/ranu/gitrepo/pico-sdk/src/rp2_common/pico_platform/platform.c.obj
 .ARM.attributes
                0x00000000000000ce       0x2c CMakeFiles/smell-sound.dir/home/ranu/gitrepo/pico-sdk/src/rp2_common/hardware_claim/claim.c.obj
 .ARM.attributes
                0x00000000000000fa       0x2c CMakeFiles/smell-sound.dir/home/ranu/gitrepo/pico-sdk/src/rp2_common/hardware_sync/sync.c.obj
 .ARM.attributes
                0x0000000000000126       0x2c CMakeFiles/smell-sound.dir/home/ranu/gitrepo/pico-sdk/src/rp2_common/hardware_irq/irq.c.obj
 .ARM.attributes
                0x0000000000000152       0x22 CMakeFiles/smell-sound.dir/home/ranu/gitrepo/pico-sdk/src/rp2_common/hardware_irq/irq_handler_chain.S.obj
 .ARM.attributes
                0x0000000000000174       0x2c CMakeFiles/smell-sound.dir/home/ranu/gitrepo/pico-sdk/src/common/pico_sync/lock_core.c.obj
 .ARM.attributes
                0x00000000000001a0       0x2c CMakeFiles/smell-sound.dir/home/ranu/gitrepo/pico-sdk/src/common/pico_sync/mutex.c.obj
 .ARM.attributes
                0x00000000000001cc       0x2c CMakeFiles/smell-sound.dir/home/ranu/gitrepo/pico-sdk/src/common/pico_time/time.c.obj
 .ARM.attributes
                0x00000000000001f8       0x2c CMakeFiles/smell-sound.dir/home/ranu/gitrepo/pico-sdk/src/rp2_common/hardware_timer/timer.c.obj
 .ARM.attributes
                0x0000000000000224       0x2c CMakeFiles/smell-sound.dir/home/ranu/gitrepo/pico-sdk/src/common/pico_util/pheap.c.obj
 .ARM.attributes
                0x0000000000000250       0x2c CMakeFiles/smell-sound.dir/home/ranu/gitrepo/pico-sdk/src/rp2_common/hardware_uart/uart.c.obj
 .ARM.attributes
                0x000000000000027c       0x2c CMakeFiles/smell-sound.dir/home/ranu/gitrepo/pico-sdk/src/rp2_common/hardware_clocks/clocks.c.obj
 .ARM.attributes
                0x00000000000002a8       0x2c CMakeFiles/smell-sound.dir/home/ranu/gitrepo/pico-sdk/src/rp2_common/hardware_pll/pll.c.obj
 .ARM.attributes
                0x00000000000002d4       0x2c CMakeFiles/smell-sound.dir/home/ranu/gitrepo/pico-sdk/src/rp2_common/hardware_watchdog/watchdog.c.obj
 .ARM.attributes
                0x0000000000000300       0x2c CMakeFiles/smell-sound.dir/home/ranu/gitrepo/pico-sdk/src/rp2_common/hardware_xosc/xosc.c.obj
 .ARM.attributes
                0x000000000000032c       0x2c CMakeFiles/smell-sound.dir/home/ranu/gitrepo/pico-sdk/src/rp2_common/pico_runtime/runtime.c.obj
 .ARM.attributes
                0x0000000000000358       0x2c CMakeFiles/smell-sound.dir/home/ranu/gitrepo/pico-sdk/src/rp2_common/pico_printf/printf.c.obj
 .ARM.attributes
                0x0000000000000384       0x22 CMakeFiles/smell-sound.dir/home/ranu/gitrepo/pico-sdk/src/rp2_common/pico_bit_ops/bit_ops_aeabi.S.obj
 .ARM.attributes
                0x00000000000003a6       0x2c CMakeFiles/smell-sound.dir/home/ranu/gitrepo/pico-sdk/src/rp2_common/pico_bootrom/bootrom.c.obj
 .ARM.attributes
                0x00000000000003d2       0x22 CMakeFiles/smell-sound.dir/home/ranu/gitrepo/pico-sdk/src/rp2_common/pico_divider/divider.S.obj
 .ARM.attributes
                0x00000000000003f4       0x22 CMakeFiles/smell-sound.dir/home/ranu/gitrepo/pico-sdk/src/rp2_common/pico_double/double_aeabi.S.obj
 .ARM.attributes
                0x0000000000000416       0x2c CMakeFiles/smell-sound.dir/home/ranu/gitrepo/pico-sdk/src/rp2_common/pico_double/double_init_rom.c.obj
 .ARM.attributes
                0x0000000000000442       0x22 CMakeFiles/smell-sound.dir/home/ranu/gitrepo/pico-sdk/src/rp2_common/pico_double/double_v1_rom_shim.S.obj
 .ARM.attributes
                0x0000000000000464       0x22 CMakeFiles/smell-sound.dir/home/ranu/gitrepo/pico-sdk/src/rp2_common/pico_int64_ops/pico_int64_ops_aeabi.S.obj
 .ARM.attributes
                0x0000000000000486       0x22 CMakeFiles/smell-sound.dir/home/ranu/gitrepo/pico-sdk/src/rp2_common/pico_float/float_aeabi.S.obj
 .ARM.attributes
                0x00000000000004a8       0x2c CMakeFiles/smell-sound.dir/home/ranu/gitrepo/pico-sdk/src/rp2_common/pico_float/float_init_rom.c.obj
 .ARM.attributes
                0x00000000000004d4       0x2c CMakeFiles/smell-sound.dir/home/ranu/gitrepo/pico-sdk/src/rp2_common/pico_malloc/pico_malloc.c.obj
 .ARM.attributes
                0x0000000000000500       0x22 CMakeFiles/smell-sound.dir/home/ranu/gitrepo/pico-sdk/src/rp2_common/pico_mem_ops/mem_ops_aeabi.S.obj
 .ARM.attributes
                0x0000000000000522       0x22 CMakeFiles/smell-sound.dir/home/ranu/gitrepo/pico-sdk/src/rp2_common/pico_standard_link/crt0.S.obj
 .ARM.attributes
                0x0000000000000544       0x32 CMakeFiles/smell-sound.dir/home/ranu/gitrepo/pico-sdk/src/rp2_common/pico_standard_link/binary_info.c.obj
 .ARM.attributes
                0x0000000000000576       0x2c CMakeFiles/smell-sound.dir/home/ranu/gitrepo/pico-sdk/src/rp2_common/pico_stdio/stdio.c.obj
 .ARM.attributes
                0x00000000000005a2       0x2c CMakeFiles/smell-sound.dir/home/ranu/gitrepo/pico-sdk/src/rp2_common/pico_stdio_uart/stdio_uart.c.obj
 .ARM.attributes
                0x00000000000005ce       0x2c CMakeFiles/smell-sound.dir/home/ranu/gitrepo/pico-sdk/src/rp2_common/hardware_spi/spi.c.obj
 .ARM.attributes
                0x00000000000005fa       0x2c CMakeFiles/smell-sound.dir/home/ranu/gitrepo/pico-sdk/src/rp2_common/hardware_i2c/i2c.c.obj
 .ARM.attributes
                0x0000000000000626       0x2c CMakeFiles/smell-sound.dir/lib/src/ssd1306.c.obj
 .ARM.attributes
                0x0000000000000652       0x22 /tmp/cctIAdvk.o
 .ARM.attributes
                0x0000000000000674       0x1e /usr/lib/gcc/arm-none-eabi/10.3.1/thumb/v6-m/nofp/libgcc.a(_dvmd_tls.o)
 .ARM.attributes
                0x0000000000000692       0x2c /usr/lib/gcc/arm-none-eabi/10.3.1/../../../arm-none-eabi/lib/thumb/v6-m/nofp/libc.a(lib_a-impure.o)
 .ARM.attributes
                0x00000000000006be       0x2c /usr/lib/gcc/arm-none-eabi/10.3.1/../../../arm-none-eabi/lib/thumb/v6-m/nofp/libc.a(lib_a-malloc.o)
 .ARM.attributes
                0x00000000000006ea       0x2c /usr/lib/gcc/arm-none-eabi/10.3.1/../../../arm-none-eabi/lib/thumb/v6-m/nofp/libc.a(lib_a-mallocr.o)
 .ARM.attributes
                0x0000000000000716       0x2c /usr/lib/gcc/arm-none-eabi/10.3.1/../../../arm-none-eabi/lib/thumb/v6-m/nofp/libc.a(lib_a-mlock.o)
 .ARM.attributes
                0x0000000000000742       0x2c /usr/lib/gcc/arm-none-eabi/10.3.1/../../../arm-none-eabi/lib/thumb/v6-m/nofp/libc.a(lib_a-sbrkr.o)
 .ARM.attributes
                0x000000000000076e       0x2c /usr/lib/gcc/arm-none-eabi/10.3.1/../../../arm-none-eabi/lib/thumb/v6-m/nofp/libc.a(lib_a-strlen-stub.o)
 .ARM.attributes
                0x000000000000079a       0x2c /usr/lib/gcc/arm-none-eabi/10.3.1/../../../arm-none-eabi/lib/thumb/v6-m/nofp/libc.a(lib_a-freer.o)
 .ARM.attributes
                0x00000000000007c6       0x2c /usr/lib/gcc/arm-none-eabi/10.3.1/../../../arm-none-eabi/lib/thumb/v6-m/nofp/libc.a(lib_a-reent.o)
 .ARM.attributes
                0x00000000000007f2       0x2c /usr/lib/gcc/arm-none-eabi/10.3.1/thumb/v6-m/nofp/crtend.o

.comment        0x0000000000000000       0x33
 .comment       0x0000000000000000       0x33 /usr/lib/gcc/arm-none-eabi/10.3.1/thumb/v6-m/nofp/crtbegin.o
                                         0x34 (size before relaxing)
 .comment       0x0000000000000033       0x34 CMakeFiles/smell-sound.dir/smell-sound.c.obj
 .comment       0x0000000000000033       0x34 CMakeFiles/smell-sound.dir/home/ranu/gitrepo/pico-sdk/src/rp2_common/hardware_gpio/gpio.c.obj
 .comment       0x0000000000000033       0x34 CMakeFiles/smell-sound.dir/home/ranu/gitrepo/pico-sdk/src/rp2_common/pico_platform/platform.c.obj
 .comment       0x0000000000000033       0x34 CMakeFiles/smell-sound.dir/home/ranu/gitrepo/pico-sdk/src/rp2_common/hardware_claim/claim.c.obj
 .comment       0x0000000000000033       0x34 CMakeFiles/smell-sound.dir/home/ranu/gitrepo/pico-sdk/src/rp2_common/hardware_sync/sync.c.obj
 .comment       0x0000000000000033       0x34 CMakeFiles/smell-sound.dir/home/ranu/gitrepo/pico-sdk/src/rp2_common/hardware_irq/irq.c.obj
 .comment       0x0000000000000033       0x34 CMakeFiles/smell-sound.dir/home/ranu/gitrepo/pico-sdk/src/common/pico_sync/lock_core.c.obj
 .comment       0x0000000000000033       0x34 CMakeFiles/smell-sound.dir/home/ranu/gitrepo/pico-sdk/src/common/pico_sync/mutex.c.obj
 .comment       0x0000000000000033       0x34 CMakeFiles/smell-sound.dir/home/ranu/gitrepo/pico-sdk/src/common/pico_time/time.c.obj
 .comment       0x0000000000000033       0x34 CMakeFiles/smell-sound.dir/home/ranu/gitrepo/pico-sdk/src/rp2_common/hardware_timer/timer.c.obj
 .comment       0x0000000000000033       0x34 CMakeFiles/smell-sound.dir/home/ranu/gitrepo/pico-sdk/src/common/pico_util/pheap.c.obj
 .comment       0x0000000000000033       0x34 CMakeFiles/smell-sound.dir/home/ranu/gitrepo/pico-sdk/src/rp2_common/hardware_uart/uart.c.obj
 .comment       0x0000000000000033       0x34 CMakeFiles/smell-sound.dir/home/ranu/gitrepo/pico-sdk/src/rp2_common/hardware_clocks/clocks.c.obj
 .comment       0x0000000000000033       0x34 CMakeFiles/smell-sound.dir/home/ranu/gitrepo/pico-sdk/src/rp2_common/hardware_pll/pll.c.obj
 .comment       0x0000000000000033       0x34 CMakeFiles/smell-sound.dir/home/ranu/gitrepo/pico-sdk/src/rp2_common/hardware_watchdog/watchdog.c.obj
 .comment       0x0000000000000033       0x34 CMakeFiles/smell-sound.dir/home/ranu/gitrepo/pico-sdk/src/rp2_common/hardware_xosc/xosc.c.obj
 .comment       0x0000000000000033       0x34 CMakeFiles/smell-sound.dir/home/ranu/gitrepo/pico-sdk/src/rp2_common/pico_runtime/runtime.c.obj
 .comment       0x0000000000000033       0x34 CMakeFiles/smell-sound.dir/home/ranu/gitrepo/pico-sdk/src/rp2_common/pico_printf/printf.c.obj
 .comment       0x0000000000000033       0x34 CMakeFiles/smell-sound.dir/home/ranu/gitrepo/pico-sdk/src/rp2_common/pico_bootrom/bootrom.c.obj
 .comment       0x0000000000000033       0x34 CMakeFiles/smell-sound.dir/home/ranu/gitrepo/pico-sdk/src/rp2_common/pico_double/double_init_rom.c.obj
 .comment       0x0000000000000033       0x34 CMakeFiles/smell-sound.dir/home/ranu/gitrepo/pico-sdk/src/rp2_common/pico_float/float_init_rom.c.obj
 .comment       0x0000000000000033       0x34 CMakeFiles/smell-sound.dir/home/ranu/gitrepo/pico-sdk/src/rp2_common/pico_malloc/pico_malloc.c.obj
 .comment       0x0000000000000033       0x34 CMakeFiles/smell-sound.dir/home/ranu/gitrepo/pico-sdk/src/rp2_common/pico_standard_link/binary_info.c.obj
 .comment       0x0000000000000033       0x34 CMakeFiles/smell-sound.dir/home/ranu/gitrepo/pico-sdk/src/rp2_common/pico_stdio/stdio.c.obj
 .comment       0x0000000000000033       0x34 CMakeFiles/smell-sound.dir/home/ranu/gitrepo/pico-sdk/src/rp2_common/pico_stdio_uart/stdio_uart.c.obj
 .comment       0x0000000000000033       0x34 CMakeFiles/smell-sound.dir/home/ranu/gitrepo/pico-sdk/src/rp2_common/hardware_spi/spi.c.obj
 .comment       0x0000000000000033       0x34 CMakeFiles/smell-sound.dir/home/ranu/gitrepo/pico-sdk/src/rp2_common/hardware_i2c/i2c.c.obj
 .comment       0x0000000000000033       0x34 CMakeFiles/smell-sound.dir/lib/src/ssd1306.c.obj
 .comment       0x0000000000000033       0x34 /usr/lib/gcc/arm-none-eabi/10.3.1/../../../arm-none-eabi/lib/thumb/v6-m/nofp/libc.a(lib_a-impure.o)
 .comment       0x0000000000000033       0x34 /usr/lib/gcc/arm-none-eabi/10.3.1/../../../arm-none-eabi/lib/thumb/v6-m/nofp/libc.a(lib_a-malloc.o)
 .comment       0x0000000000000033       0x34 /usr/lib/gcc/arm-none-eabi/10.3.1/../../../arm-none-eabi/lib/thumb/v6-m/nofp/libc.a(lib_a-mallocr.o)
 .comment       0x0000000000000033       0x34 /usr/lib/gcc/arm-none-eabi/10.3.1/../../../arm-none-eabi/lib/thumb/v6-m/nofp/libc.a(lib_a-mlock.o)
 .comment       0x0000000000000033       0x34 /usr/lib/gcc/arm-none-eabi/10.3.1/../../../arm-none-eabi/lib/thumb/v6-m/nofp/libc.a(lib_a-sbrkr.o)
 .comment       0x0000000000000033       0x34 /usr/lib/gcc/arm-none-eabi/10.3.1/../../../arm-none-eabi/lib/thumb/v6-m/nofp/libc.a(lib_a-strlen-stub.o)
 .comment       0x0000000000000033       0x34 /usr/lib/gcc/arm-none-eabi/10.3.1/../../../arm-none-eabi/lib/thumb/v6-m/nofp/libc.a(lib_a-freer.o)
 .comment       0x0000000000000033       0x34 /usr/lib/gcc/arm-none-eabi/10.3.1/../../../arm-none-eabi/lib/thumb/v6-m/nofp/libc.a(lib_a-reent.o)
 .comment       0x0000000000000033       0x34 /usr/lib/gcc/arm-none-eabi/10.3.1/thumb/v6-m/nofp/crtend.o

.debug_line     0x0000000000000000     0x16b9
 .debug_line    0x0000000000000000       0x60 /usr/lib/gcc/arm-none-eabi/10.3.1/thumb/v6-m/nofp/libgcc.a(_dvmd_tls.o)
 .debug_line    0x0000000000000060       0xe4 /usr/lib/gcc/arm-none-eabi/10.3.1/../../../arm-none-eabi/lib/thumb/v6-m/nofp/libc.a(lib_a-impure.o)
 .debug_line    0x0000000000000144      0x165 /usr/lib/gcc/arm-none-eabi/10.3.1/../../../arm-none-eabi/lib/thumb/v6-m/nofp/libc.a(lib_a-malloc.o)
 .debug_line    0x00000000000002a9      0x8e2 /usr/lib/gcc/arm-none-eabi/10.3.1/../../../arm-none-eabi/lib/thumb/v6-m/nofp/libc.a(lib_a-mallocr.o)
 .debug_line    0x0000000000000b8b      0x13e /usr/lib/gcc/arm-none-eabi/10.3.1/../../../arm-none-eabi/lib/thumb/v6-m/nofp/libc.a(lib_a-mlock.o)
 .debug_line    0x0000000000000cc9      0x183 /usr/lib/gcc/arm-none-eabi/10.3.1/../../../arm-none-eabi/lib/thumb/v6-m/nofp/libc.a(lib_a-sbrkr.o)
 .debug_line    0x0000000000000e4c      0x172 /usr/lib/gcc/arm-none-eabi/10.3.1/../../../arm-none-eabi/lib/thumb/v6-m/nofp/libc.a(lib_a-strlen-stub.o)
 .debug_line    0x0000000000000fbe      0x47d /usr/lib/gcc/arm-none-eabi/10.3.1/../../../arm-none-eabi/lib/thumb/v6-m/nofp/libc.a(lib_a-freer.o)
 .debug_line    0x000000000000143b      0x27e /usr/lib/gcc/arm-none-eabi/10.3.1/../../../arm-none-eabi/lib/thumb/v6-m/nofp/libc.a(lib_a-reent.o)

.debug_info     0x0000000000000000     0x4dec
 .debug_info    0x0000000000000000       0x26 /usr/lib/gcc/arm-none-eabi/10.3.1/thumb/v6-m/nofp/libgcc.a(_dvmd_tls.o)
 .debug_info    0x0000000000000026      0x92a /usr/lib/gcc/arm-none-eabi/10.3.1/../../../arm-none-eabi/lib/thumb/v6-m/nofp/libc.a(lib_a-impure.o)
 .debug_info    0x0000000000000950      0x998 /usr/lib/gcc/arm-none-eabi/10.3.1/../../../arm-none-eabi/lib/thumb/v6-m/nofp/libc.a(lib_a-malloc.o)
 .debug_info    0x00000000000012e8      0xe80 /usr/lib/gcc/arm-none-eabi/10.3.1/../../../arm-none-eabi/lib/thumb/v6-m/nofp/libc.a(lib_a-mallocr.o)
 .debug_info    0x0000000000002168      0x942 /usr/lib/gcc/arm-none-eabi/10.3.1/../../../arm-none-eabi/lib/thumb/v6-m/nofp/libc.a(lib_a-mlock.o)
 .debug_info    0x0000000000002aaa      0x98e /usr/lib/gcc/arm-none-eabi/10.3.1/../../../arm-none-eabi/lib/thumb/v6-m/nofp/libc.a(lib_a-sbrkr.o)
 .debug_info    0x0000000000003438       0xee /usr/lib/gcc/arm-none-eabi/10.3.1/../../../arm-none-eabi/lib/thumb/v6-m/nofp/libc.a(lib_a-strlen-stub.o)
 .debug_info    0x0000000000003526      0xce5 /usr/lib/gcc/arm-none-eabi/10.3.1/../../../arm-none-eabi/lib/thumb/v6-m/nofp/libc.a(lib_a-freer.o)
 .debug_info    0x000000000000420b      0xbe1 /usr/lib/gcc/arm-none-eabi/10.3.1/../../../arm-none-eabi/lib/thumb/v6-m/nofp/libc.a(lib_a-reent.o)

.debug_abbrev   0x0000000000000000     0x1109
 .debug_abbrev  0x0000000000000000       0x14 /usr/lib/gcc/arm-none-eabi/10.3.1/thumb/v6-m/nofp/libgcc.a(_dvmd_tls.o)
 .debug_abbrev  0x0000000000000014      0x1b8 /usr/lib/gcc/arm-none-eabi/10.3.1/../../../arm-none-eabi/lib/thumb/v6-m/nofp/libc.a(lib_a-impure.o)
 .debug_abbrev  0x00000000000001cc      0x21a /usr/lib/gcc/arm-none-eabi/10.3.1/../../../arm-none-eabi/lib/thumb/v6-m/nofp/libc.a(lib_a-malloc.o)
 .debug_abbrev  0x00000000000003e6      0x2f6 /usr/lib/gcc/arm-none-eabi/10.3.1/../../../arm-none-eabi/lib/thumb/v6-m/nofp/libc.a(lib_a-mallocr.o)
 .debug_abbrev  0x00000000000006dc      0x1f0 /usr/lib/gcc/arm-none-eabi/10.3.1/../../../arm-none-eabi/lib/thumb/v6-m/nofp/libc.a(lib_a-mlock.o)
 .debug_abbrev  0x00000000000008cc      0x23d /usr/lib/gcc/arm-none-eabi/10.3.1/../../../arm-none-eabi/lib/thumb/v6-m/nofp/libc.a(lib_a-sbrkr.o)
 .debug_abbrev  0x0000000000000b09       0x8f /usr/lib/gcc/arm-none-eabi/10.3.1/../../../arm-none-eabi/lib/thumb/v6-m/nofp/libc.a(lib_a-strlen-stub.o)
 .debug_abbrev  0x0000000000000b98      0x2a1 /usr/lib/gcc/arm-none-eabi/10.3.1/../../../arm-none-eabi/lib/thumb/v6-m/nofp/libc.a(lib_a-freer.o)
 .debug_abbrev  0x0000000000000e39      0x2d0 /usr/lib/gcc/arm-none-eabi/10.3.1/../../../arm-none-eabi/lib/thumb/v6-m/nofp/libc.a(lib_a-reent.o)

.debug_aranges  0x0000000000000000      0x118
 .debug_aranges
                0x0000000000000000       0x20 /usr/lib/gcc/arm-none-eabi/10.3.1/thumb/v6-m/nofp/libgcc.a(_dvmd_tls.o)
 .debug_aranges
                0x0000000000000020       0x18 /usr/lib/gcc/arm-none-eabi/10.3.1/../../../arm-none-eabi/lib/thumb/v6-m/nofp/libc.a(lib_a-impure.o)
 .debug_aranges
                0x0000000000000038       0x20 /usr/lib/gcc/arm-none-eabi/10.3.1/../../../arm-none-eabi/lib/thumb/v6-m/nofp/libc.a(lib_a-malloc.o)
 .debug_aranges
                0x0000000000000058       0x20 /usr/lib/gcc/arm-none-eabi/10.3.1/../../../arm-none-eabi/lib/thumb/v6-m/nofp/libc.a(lib_a-mallocr.o)
 .debug_aranges
                0x0000000000000078       0x20 /usr/lib/gcc/arm-none-eabi/10.3.1/../../../arm-none-eabi/lib/thumb/v6-m/nofp/libc.a(lib_a-mlock.o)
 .debug_aranges
                0x0000000000000098       0x20 /usr/lib/gcc/arm-none-eabi/10.3.1/../../../arm-none-eabi/lib/thumb/v6-m/nofp/libc.a(lib_a-sbrkr.o)
 .debug_aranges
                0x00000000000000b8       0x20 /usr/lib/gcc/arm-none-eabi/10.3.1/../../../arm-none-eabi/lib/thumb/v6-m/nofp/libc.a(lib_a-strlen-stub.o)
 .debug_aranges
                0x00000000000000d8       0x20 /usr/lib/gcc/arm-none-eabi/10.3.1/../../../arm-none-eabi/lib/thumb/v6-m/nofp/libc.a(lib_a-freer.o)
 .debug_aranges
                0x00000000000000f8       0x20 /usr/lib/gcc/arm-none-eabi/10.3.1/../../../arm-none-eabi/lib/thumb/v6-m/nofp/libc.a(lib_a-reent.o)

.debug_str      0x0000000000000000      0xa5c
 .debug_str     0x0000000000000000       0xa6 /usr/lib/gcc/arm-none-eabi/10.3.1/thumb/v6-m/nofp/libgcc.a(_dvmd_tls.o)
 .debug_str     0x00000000000000a6      0x504 /usr/lib/gcc/arm-none-eabi/10.3.1/../../../arm-none-eabi/lib/thumb/v6-m/nofp/libc.a(lib_a-impure.o)
                                        0x57b (size before relaxing)
 .debug_str     0x00000000000005aa       0xb7 /usr/lib/gcc/arm-none-eabi/10.3.1/../../../arm-none-eabi/lib/thumb/v6-m/nofp/libc.a(lib_a-malloc.o)
                                        0x58f (size before relaxing)
 .debug_str     0x0000000000000661      0x21d /usr/lib/gcc/arm-none-eabi/10.3.1/../../../arm-none-eabi/lib/thumb/v6-m/nofp/libc.a(lib_a-mallocr.o)
                                        0x780 (size before relaxing)
 .debug_str     0x000000000000087e       0x4c /usr/lib/gcc/arm-none-eabi/10.3.1/../../../arm-none-eabi/lib/thumb/v6-m/nofp/libc.a(lib_a-mlock.o)
                                        0x588 (size before relaxing)
 .debug_str     0x00000000000008ca       0x47 /usr/lib/gcc/arm-none-eabi/10.3.1/../../../arm-none-eabi/lib/thumb/v6-m/nofp/libc.a(lib_a-sbrkr.o)
                                        0x572 (size before relaxing)
 .debug_str     0x0000000000000911       0xb9 /usr/lib/gcc/arm-none-eabi/10.3.1/../../../arm-none-eabi/lib/thumb/v6-m/nofp/libc.a(lib_a-strlen-stub.o)
                                        0x1c5 (size before relaxing)
 .debug_str     0x00000000000009ca       0x34 /usr/lib/gcc/arm-none-eabi/10.3.1/../../../arm-none-eabi/lib/thumb/v6-m/nofp/libc.a(lib_a-freer.o)
                                        0x6ca (size before relaxing)
 .debug_str     0x00000000000009fe       0x5e /usr/lib/gcc/arm-none-eabi/10.3.1/../../../arm-none-eabi/lib/thumb/v6-m/nofp/libc.a(lib_a-reent.o)
                                        0x59a (size before relaxing)

.debug_loc      0x0000000000000000     0x1720
 .debug_loc     0x0000000000000000       0x64 /usr/lib/gcc/arm-none-eabi/10.3.1/../../../arm-none-eabi/lib/thumb/v6-m/nofp/libc.a(lib_a-malloc.o)
 .debug_loc     0x0000000000000064      0xef0 /usr/lib/gcc/arm-none-eabi/10.3.1/../../../arm-none-eabi/lib/thumb/v6-m/nofp/libc.a(lib_a-mallocr.o)
 .debug_loc     0x0000000000000f54       0x79 /usr/lib/gcc/arm-none-eabi/10.3.1/../../../arm-none-eabi/lib/thumb/v6-m/nofp/libc.a(lib_a-sbrkr.o)
 .debug_loc     0x0000000000000fcd       0x90 /usr/lib/gcc/arm-none-eabi/10.3.1/../../../arm-none-eabi/lib/thumb/v6-m/nofp/libc.a(lib_a-strlen-stub.o)
 .debug_loc     0x000000000000105d      0x4e3 /usr/lib/gcc/arm-none-eabi/10.3.1/../../../arm-none-eabi/lib/thumb/v6-m/nofp/libc.a(lib_a-freer.o)
 .debug_loc     0x0000000000001540      0x1e0 /usr/lib/gcc/arm-none-eabi/10.3.1/../../../arm-none-eabi/lib/thumb/v6-m/nofp/libc.a(lib_a-reent.o)

.debug_frame    0x0000000000000000      0x1a4
 .debug_frame   0x0000000000000000       0x40 /usr/lib/gcc/arm-none-eabi/10.3.1/../../../arm-none-eabi/lib/thumb/v6-m/nofp/libc.a(lib_a-malloc.o)
 .debug_frame   0x0000000000000040       0x3c /usr/lib/gcc/arm-none-eabi/10.3.1/../../../arm-none-eabi/lib/thumb/v6-m/nofp/libc.a(lib_a-mallocr.o)
 .debug_frame   0x000000000000007c       0x30 /usr/lib/gcc/arm-none-eabi/10.3.1/../../../arm-none-eabi/lib/thumb/v6-m/nofp/libc.a(lib_a-mlock.o)
 .debug_frame   0x00000000000000ac       0x2c /usr/lib/gcc/arm-none-eabi/10.3.1/../../../arm-none-eabi/lib/thumb/v6-m/nofp/libc.a(lib_a-sbrkr.o)
 .debug_frame   0x00000000000000d8       0x28 /usr/lib/gcc/arm-none-eabi/10.3.1/../../../arm-none-eabi/lib/thumb/v6-m/nofp/libc.a(lib_a-strlen-stub.o)
 .debug_frame   0x0000000000000100       0x54 /usr/lib/gcc/arm-none-eabi/10.3.1/../../../arm-none-eabi/lib/thumb/v6-m/nofp/libc.a(lib_a-freer.o)
 .debug_frame   0x0000000000000154       0x50 /usr/lib/gcc/arm-none-eabi/10.3.1/../../../arm-none-eabi/lib/thumb/v6-m/nofp/libc.a(lib_a-reent.o)

.debug_ranges   0x0000000000000000       0x50
 .debug_ranges  0x0000000000000000       0x50 /usr/lib/gcc/arm-none-eabi/10.3.1/../../../arm-none-eabi/lib/thumb/v6-m/nofp/libc.a(lib_a-mallocr.o)
